******************************************************************************
            TI ARM Clang Linker PC v5.1.1                      
******************************************************************************
>> Linked Thu Jul 23 00:18:54 2026

OUTPUT FILE NAME:   <empty_LP_MSPM0G3507_nortos_ticlang.out>
ENTRY POINT SYMBOL: "_c_int00_noargs"  address: 00004fc5


MEMORY CONFIGURATION

         name            origin    length      used     unused   attr    fill
----------------------  --------  ---------  --------  --------  ----  --------
  FLASH                 00000000   00020000  000053b8  0001ac48  R  X
  SRAM                  20200000   00008000  000003c6  00007c3a  RW X
  BCR_CONFIG            41c00000   000000ff  00000000  000000ff  R   
  BSL_CONFIG            41c00100   00000080  00000000  00000080  R   


SEGMENT ALLOCATION MAP

run origin  load origin   length   init length attrs members
----------  ----------- ---------- ----------- ----- -------
00000000    00000000    000053b8   000053b8    r-x
  00000000    00000000    000000c0   000000c0    r-- .intvecs
  000000c0    000000c0    000051e0   000051e0    r-x .text
  000052a0    000052a0    00000100   00000100    r-- .rodata
  000053a0    000053a0    00000018   00000018    r-- .cinit
20200000    20200000    000001c6   00000000    rw-
  20200000    20200000    000001c6   00000000    rw- .bss
20207e00    20207e00    00000200   00000000    rw-
  20207e00    20207e00    00000200   00000000    rw- .stack


SECTION ALLOCATION MAP

 output                                  attributes/
section   page    origin      length       input sections
--------  ----  ----------  ----------   ----------------
.intvecs   0    00000000    000000c0     
                  00000000    000000c0     startup_mspm0g350x_ticlang.o (.intvecs)

.text      0    000000c0    000051e0     
                  000000c0    00000ef8     arc_interface.o (.text.ArcInterface_task1ms)
                  00000fb8    00000858     oled.o (.text.OLED_task1ms)
                  00001810    0000064c     turn_control.o (.text.TurnControl_task1ms)
                  00001e5c    000003f0     straight_control.o (.text.StraightControl_task1ms)
                  0000224c    000003bc     arc_interface.o (.text.requestArc)
                  00002608    00000300     oled.o (.text.beginPacket)
                  00002908    0000026c     oled.o (.text.OLED_init)
                  00002b74    00000264     straight_control.o (.text.transitionAngle)
                  00002dd8    0000025c     mission.o (.text.Mission_task1ms)
                  00003034    00000244     turn_control.o (.text.TurnControl_startAbsolute)
                  00003278    0000020c     line_sensor.o (.text.LineSensor_read)
                  00003484    000001c8     libc.a : s_atanf.c.obj (.text.atanf)
                  0000364c    000001bc     straight_control.o (.text.StraightControl_startCommon)
                  00003808    00000134     task_buttons.o (.text.TaskButtons_poll1ms)
                  0000393c    00000118     libc.a : e_atan2f.c.obj (.text.atan2f)
                  00003a54    00000104     driverlib.a : dl_timer.o (.text.DL_Timer_initFourCCPWMMode)
                  00003b58    000000fc                 : dl_timer.o (.text.DL_Timer_initTimerMode)
                  00003c54    000000f8     gyro.o (.text.Gyro_setOutputRate100Hz)
                  00003d4c    000000f8     ti_msp_dl_config.o (.text.SYSCFG_DL_GPIO_init)
                  00003e44    000000d8     gyro.o (.text.Gyro_getCourseYawDeg)
                  00003f1c    000000d8     oled.o (.text.formatDisplay)
                  00003ff4    000000d8     libclang_rt.builtins.a : addsf3.S.obj (.text)
                  000040cc    000000b0     mission.o (.text.startMode)
                  0000417c    000000b0     straight_control.o (.text.wrap180)
                  0000422c    000000ac     gyro.o (.text.UART0_IRQHandler)
                  000042d8    000000a8     arc_interface.o (.text.ArcInterface_init)
                  00004380    000000a4     motor.o (.text.Motor_setSigned)
                  00004424    000000a4     straight_control.o (.text.normalize360)
                  000044c8    0000008c     libclang_rt.builtins.a : comparesf2.S.obj (.text)
                  00004554    0000008c                            : mulsf3.S.obj (.text)
                  000045e0    00000082                            : divsf3.S.obj (.text)
                  00004662    00000002     startup_mspm0g350x_ticlang.o (.text.Default_Handler)
                  00004664    00000070     ti_msp_dl_config.o (.text.SYSCFG_DL_GYRO_UART_init)
                  000046d4    00000070     ti_msp_dl_config.o (.text.SYSCFG_DL_PWM_LEFT_init)
                  00004744    0000006c     gyro.o (.text.Gyro_init)
                  000047b0    00000068     motor.o (.text.Motor_setForward)
                  00004818    00000068     ti_msp_dl_config.o (.text.SYSCFG_DL_PWM_RIGHT_init)
                  00004880    00000068     empty.o (.text.main)
                  000048e8    0000005c     mission.o (.text.Mission_init)
                  00004944    0000005a     libclang_rt.builtins.a : aeabi_fcmp.S.obj (.text)
                  0000499e    00000002                            : aeabi_div0.c.obj (.text.__aeabi_idiv0)
                  000049a0    00000058     motor.o (.text.Motor_init)
                  000049f8    00000056     libclang_rt.builtins.a : aeabi_idivmod.S.obj (.text)
                  00004a4e    00000002     --HOLE-- [fill = 0]
                  00004a50    00000054     motor.o (.text.Motor_brakeAll)
                  00004aa4    00000054     ti_msp_dl_config.o (.text.SYSCFG_DL_initPower)
                  00004af8    00000048     driverlib.a : dl_uart.o (.text.DL_UART_init)
                  00004b40    00000048     encoder.o (.text.Encoder_init)
                  00004b88    00000048     encoder.o (.text.GROUP1_IRQHandler)
                  00004bd0    00000040     ti_msp_dl_config.o (.text.SYSCFG_DL_SYSCTL_init)
                  00004c10    00000040     libclang_rt.builtins.a : aeabi_uidivmod.S.obj (.text)
                  00004c50    0000003c     gyro.o (.text.Gyro_captureCourseZero)
                  00004c8c    0000003c     indicator.o (.text.Indicator_task1ms)
                  00004cc8    0000003c     motor.o (.text.Motor_coastAll)
                  00004d04    0000003c     task_buttons.o (.text.TaskButtons_init)
                  00004d40    0000003c     libc.a : autoinit.c.obj (.text:__TI_auto_init_nobinit_nopinit)
                  00004d7c    0000003c     libclang_rt.builtins.a : floatsisf.S.obj (.text)
                  00004db8    0000003a                            : muldsi3.S.obj (.text)
                  00004df2    00000002     --HOLE-- [fill = 0]
                  00004df4    00000038                            : fixsfsi.S.obj (.text)
                  00004e2c    00000034     arc_interface.o (.text.ArcInterface_takeComplete)
                  00004e60    00000032     libclang_rt.builtins.a : fixunssfsi.S.obj (.text)
                  00004e92    00000002     --HOLE-- [fill = 0]
                  00004e94    0000002c     indicator.o (.text.Indicator_fault)
                  00004ec0    0000002c     indicator.o (.text.Indicator_finished)
                  00004eec    0000002c     indicator.o (.text.Indicator_init)
                  00004f18    0000002c     indicator.o (.text.Indicator_start)
                  00004f44    0000002c     ti_msp_dl_config.o (.text.SYSCFG_DL_CONTROL_TIMER_init)
                  00004f70    0000002c     ti_msp_dl_config.o (.text.SYSCFG_DL_init)
                  00004f9c    00000028     encoder.o (.text.Encoder_reset)
                  00004fc4    00000028     libc.a : boot_cortex_m.c.obj (.text:_c_int00_noargs)
                  00004fec    00000028     libclang_rt.builtins.a : floatunsisf.S.obj (.text)
                  00005014    00000024     gyro.o (.text.Gyro_getRateDps)
                  00005038    00000024     gyro.o (.text.Gyro_getYawDeg)
                  0000505c    00000024     gyro.o (.text.Gyro_isOnline)
                  00005080    00000020     encoder.o (.text.Encoder_sample)
                  000050a0    0000001c     driverlib.a : dl_timer.o (.text.DL_Timer_setCaptCompUpdateMethod)
                  000050bc    0000001c                 : dl_timer.o (.text.DL_Timer_setClockConfig)
                  000050d8    0000001c     encoder.o (.text.Encoder_getTotal)
                  000050f4    0000001c     gyro.o (.text.Gyro_task1ms)
                  00005110    0000001c     line_sensor.o (.text.LineSensor_init)
                  0000512c    0000001c     empty.o (.text.TIMG12_IRQHandler)
                  00005148    00000018     driverlib.a : dl_timer.o (.text.DL_Timer_setCaptureCompareOutCtl)
                  00005160    00000018     straight_control.o (.text.StraightControl_startQ1Test)
                  00005178    00000016     libc.a : copy_zero_init.c.obj (.text:decompress:ZI:__TI_zero_init_nomemset)
                  0000518e    00000014     arc_interface.o (.text.ArcInterface_request)
                  000051a2    00000014     arc_interface.o (.text.ArcInterface_requestFromDiagonal)
                  000051b6    00000014     arc_interface.o (.text.ArcInterface_requestFromDiagonalNoExitAlign)
                  000051ca    00000014     arc_interface.o (.text.ArcInterface_requestGrayPidTest)
                  000051de    00000012     driverlib.a : dl_uart.o (.text.DL_UART_setClockConfig)
                  000051f0    00000010     arc_interface.o (.text.ArcInterface_hasFault)
                  00005200    00000010     driverlib.a : dl_timer.o (.text.DL_Timer_setCaptureCompareValue)
                  00005210    00000010     motor.o (.text.Motor_disable)
                  00005220    00000010     motor.o (.text.Motor_enable)
                  00005230    0000000c     gyro.o (.text.Gyro_hasRate)
                  0000523c    0000000c     gyro.o (.text.Gyro_hasYaw)
                  00005248    0000000c     straight_control.o (.text.StraightControl_startAbsolute)
                  00005254    0000000a     driverlib.a : dl_common.o (.text.DL_Common_delayCycles)
                  0000525e    00000006     libc.a : s_atanf.c.obj (.text.OUTLINED_FUNCTION_0)
                  00005264    00000010     libclang_rt.builtins.a : divsf3.S.obj (.tramp.__aeabi_fdiv.1)
                  00005274    00000006     libc.a : exit.c.obj (.text:abort)
                  0000527a    00000004     libsysbm.a : hostexit.c.obj (.text.HOSTexit)
                  0000527e    00000004     libc.a : s_atanf.c.obj (.text.OUTLINED_FUNCTION_1)
                  00005282    00000002     --HOLE-- [fill = 0]
                  00005284    00000010     libclang_rt.builtins.a : addsf3.S.obj (.tramp.__aeabi_fadd.1)
                  00005294    00000004     startup_mspm0g350x_ticlang.o (.text.Reset_Handler)
                  00005298    00000004     libc.a : pre_init.c.obj (.text._system_pre_init)
                  0000529c    00000004     --HOLE-- [fill = 0]

.cinit     0    000053a0    00000018     
                  000053a0    00000008     (.cinit..bss.load) [load image, compression = zero_init]
                  000053a8    00000004     (__TI_handler_table)
                  000053ac    00000008     (__TI_cinit_table)
                  000053b4    00000004     --HOLE-- [fill = 0]

.rodata    0    000052a0    00000100     
                  000052a0    00000044     straight_control.o (.rodata.transitionAngle.arcFraction)
                  000052e4    00000032     oled.o (.rodata.glyph.digits)
                  00005316    00000002     ti_msp_dl_config.o (.rodata.gGYRO_UARTClockConfig)
                  00005318    00000020     libc.a : s_atanf.c.obj (.rodata.cst16)
                  00005338    00000014     ti_msp_dl_config.o (.rodata.gCONTROL_TIMERTimerConfig)
                  0000534c    0000000a     ti_msp_dl_config.o (.rodata.gGYRO_UARTConfig)
                  00005356    00000002     --HOLE-- [fill = 0]
                  00005358    00000008     ti_msp_dl_config.o (.rodata.gPWM_LEFTConfig)
                  00005360    00000008     ti_msp_dl_config.o (.rodata.gPWM_RIGHTConfig)
                  00005368    00000005     oled.o (.rodata.glyph.a)
                  0000536d    00000005     oled.o (.rodata.glyph.colon)
                  00005372    00000005     oled.o (.rodata.glyph.dot)
                  00005377    00000005     oled.o (.rodata.glyph.minus)
                  0000537c    00000005     oled.o (.rodata.glyph.s)
                  00005381    00000005     oled.o (.rodata.glyph.space)
                  00005386    00000005     oled.o (.rodata.glyph.w)
                  0000538b    00000005     oled.o (.rodata.glyph.y)
                  00005390    00000003     ti_msp_dl_config.o (.rodata.gCONTROL_TIMERClockConfig)
                  00005393    00000003     ti_msp_dl_config.o (.rodata.gPWM_LEFTClockConfig)
                  00005396    00000003     ti_msp_dl_config.o (.rodata.gPWM_RIGHTClockConfig)
                  00005399    00000007     --HOLE-- [fill = 0]

.init_array 
*          0    00000000    00000000     UNINITIALIZED

.binit     0    00000000    00000000     

.bss       0    20200000    000001c6     UNINITIALIZED
                  20200000    000000bc     (.common:gPWM_RIGHTBackup)
                  202000bc    00000010     oled.o (.bss.gDisplayText)
                  202000cc    00000010     task_buttons.o (.bss.gKeys)
                  202000dc    00000005     gyro.o (.bss.gFrame)
                  202000e1    00000001     turn_control.o (.bss.gAbsolutePivotMode)
                  202000e2    00000002     arc_interface.o (.bss.gAcquireStableMs)
                  202000e4    00000004     turn_control.o (.bss.gAngleMagnitude)
                  202000e8    00000004     arc_interface.o (.bss.gAppliedCorrection)
                  202000ec    00000004     straight_control.o (.bss.gAppliedCorrection)
                  202000f0    00000004     straight_control.o (.bss.gCurveStartRawYaw)
                  202000f4    00000004     straight_control.o (.bss.gElapsedMs)
                  202000f8    00000004     straight_control.o (.bss.gEncoderIntegral)
                  202000fc    00000004     arc_interface.o (.bss.gFilteredDerivative)
                  20200100    00000004     straight_control.o (.bss.gFilteredYawError)
                  20200104    00000004     arc_interface.o (.bss.gFinishArmPulses)
                  20200108    00000004     arc_interface.o (.bss.gLastAlignError)
                  2020010c    00000004     arc_interface.o (.bss.gLastHeadingError)
                  20200110    00000004     arc_interface.o (.bss.gLastYaw)
                  20200114    00000004     encoder.o (.bss.gLeftPulses)
                  20200118    00000004     encoder.o (.bss.gLeftTotal)
                  2020011c    00000004     arc_interface.o (.bss.gLineIntegral)
                  20200120    00000004     encoder.o (.bss.gRightPulses)
                  20200124    00000004     encoder.o (.bss.gRightTotal)
                  20200128    00000004     arc_interface.o (.bss.gStartAveragePulses)
                  2020012c    00000004     turn_control.o (.bss.gStartYaw)
                  20200130    00000004     straight_control.o (.bss.gTargetYaw)
                  20200134    00000004     (.common:gArcAccumulatedYawDebug)
                  20200138    00000004     (.common:gArcRequestDebug)
                  2020013c    00000004     (.common:gArcSegmentPulsesDebug)
                  20200140    00000004     (.common:gArcTargetYawDebug)
                  20200144    00000004     (.common:gArcYawDebug)
                  20200148    00000004     (.common:gCurveYawErrorDebug)
                  2020014c    00000004     (.common:gGyroChecksumErrorCount)
                  20200150    00000004     (.common:gGyroCourseZeroDeg)
                  20200154    00000004     (.common:gGyroValidFrameCount)
                  20200158    00000004     (.common:gStraightLeftPulses)
                  2020015c    00000004     (.common:gStraightRightPulses)
                  20200160    00000004     (.common:gStraightTargetPulses)
                  20200164    00000004     (.common:gStraightTargetYawDebug)
                  20200168    00000004     (.common:gTurnAbsoluteError)
                  2020016c    00000004     (.common:gTurnTargetDeg)
                  20200170    00000004     (.common:gTurnYawDelta)
                  20200174    00000002     arc_interface.o (.bss.gAlignStableMs)
                  20200176    00000002     straight_control.o (.bss.gBlackMs)
                  20200178    00000002     mission.o (.bss.gBrakeMs)
                  2020017a    00000002     indicator.o (.bss.gBuzzerRemainMs)
                  2020017c    00000002     arc_interface.o (.bss.gElapsedMs)
                  2020017e    00000002     turn_control.o (.bss.gElapsedMs)
                  20200180    00000002     arc_interface.o (.bss.gLastLineError)
                  20200182    00000002     arc_interface.o (.bss.gLostMs)
                  20200184    00000002     oled.o (.bss.gRefreshMs)
                  20200186    00000002     turn_control.o (.bss.gStableMs)
                  20200188    00000002     arc_interface.o (.bss.gStateElapsedMs)
                  2020018a    00000002     straight_control.o (.bss.gWhiteMs)
                  2020018c    00000002     (.common:gArcCorrectionDebug)
                  2020018e    00000002     (.common:gArcHeadingBlendDebug)
                  20200190    00000002     (.common:gArcHeadingCorrectionDebug)
                  20200192    00000002     (.common:gArcLineErrorDebug)
                  20200194    00000002     (.common:gGyroAgeMs)
                  20200196    00000002     (.common:gGyroRawRate)
                  20200198    00000002     (.common:gGyroRawYaw)
                  2020019a    00000002     (.common:gStraightCorrection)
                  2020019c    00000001     arc_interface.o (.bss.gAlignCaptured)
                  2020019d    00000001     arc_interface.o (.bss.gComplete)
                  2020019e    00000001     straight_control.o (.bss.gControlDivider)
                  2020019f    00000001     straight_control.o (.bss.gCurveDirection)
                  202001a0    00000001     arc_interface.o (.bss.gArcTargetPulses)
                  202001a1    00000001     straight_control.o (.bss.gCurveRawToCourseSign)
                  202001a2    00000001     arc_interface.o (.bss.gDirection)
                  202001a3    00000001     oled.o (.bss.gDisplayIndex)
                  202001a4    00000001     oled.o (.bss.gDisplayUpdating)
                  202001a5    00000001     straight_control.o (.bss.gEndpointArmed)
                  202001a6    00000001     gyro.o (.bss.gFrameIndex)
                  202001a7    00000001     arc_interface.o (.bss.gGrayOnlyTest)
                  202001a8    00000001     gyro.o (.bss.gHasRate)
                  202001a9    00000001     gyro.o (.bss.gHasYaw)
                  202001aa    00000001     turn_control.o (.bss.gInTargetWindow)
                  202001ab    00000001     turn_control.o (.bss.gInitialPhysicalDirection)
                  202001ac    00000001     indicator.o (.bss.gKeepLedOn)
                  202001ad    00000001     arc_interface.o (.bss.gLastSearchSign)
                  202001ae    00000001     straight_control.o (.bss.gLineDivider)
                  202001af    00000001     arc_interface.o (.bss.gPeriodMs)
                  202001b0    00000001     oled.o (.bss.gPresent)
                  202001b1    00000001     arc_interface.o (.bss.gRequest)
                  202001b2    00000001     arc_interface.o (.bss.gSkipExitAlign)
                  202001b3    00000001     arc_interface.o (.bss.gStatus)
                  202001b4    00000001     arc_interface.o (.bss.gSteepEntry)
                  202001b5    00000001     empty.o (.bss.gTask1msPending)
                  202001b6    00000001     straight_control.o (.bss.gUseAbsoluteYaw)
                  202001b7    00000001     straight_control.o (.bss.gUseQ1Speed)
                  202001b8    00000001     arc_interface.o (.bss.gYawAssist)
                  202001b9    00000001     turn_control.o (.bss.gYawDirection)
                  202001ba    00000001     turn_control.o (.bss.gYawPerPhysicalDirection)
                  202001bb    00000001     (.common:gArcFaultDebug)
                  202001bc    00000001     (.common:gArcRawBitsDebug)
                  202001bd    00000001     (.common:gArcStatusDebug)
                  202001be    00000001     (.common:gCurveYawSignDebug)
                  202001bf    00000001     (.common:gMissionFault)
                  202001c0    00000001     (.common:gMissionLap)
                  202001c1    00000001     (.common:gMissionMode)
                  202001c2    00000001     (.common:gMissionPhase)
                  202001c3    00000001     (.common:gMissionState)
                  202001c4    00000001     (.common:gStraightEndpointEligibleDebug)
                  202001c5    00000001     (.common:gStraightRawGray)

.stack     0    20207e00    00000200     UNINITIALIZED
                  20207e00    00000004     libc.a : boot_cortex_m.c.obj (.stack)
                  20207e04    000001fc     --HOLE--

__llvm_prf_cnts 
*          0    20200000    00000000     UNINITIALIZED

__llvm_prf_bits 
*          0    20200000    00000000     UNINITIALIZED

MODULE SUMMARY

       Module                         code    ro data   rw data
       ------                         ----    -------   -------
    .\
       arc_interface.o                5104    0         87     
       oled.o                         3740    90        21     
       straight_control.o             2440    68        60     
       turn_control.o                 2192    0         29     
       ti_msp_dl_config.o             812     57        188    
       gyro.o                         964     0         26     
       mission.o                      872     0         7      
       line_sensor.o                  552     0         0      
       motor.o                        532     0         0      
       task_buttons.o                 368     0         16     
       encoder.o                      244     0         16     
       indicator.o                    236     0         3      
       startup_mspm0g350x_ticlang.o   6       192       0      
       empty.o                        132     0         1      
    +--+------------------------------+-------+---------+---------+
       Total:                         18194   407       454    
                                                               
    D:/CCS_21.0.0.00014_win/CCS_21.0.0.00014_win/mspm0_sdk_2_11_00_07/source/ti/driverlib/lib/ticlang/m0p/mspm0g1x0x_g3x0x/driverlib.a
       dl_timer.o                     608     0         0      
       dl_uart.o                      90      0         0      
       dl_common.o                    10      0         0      
    +--+------------------------------+-------+---------+---------+
       Total:                         708     0         0      
                                                               
    D:\CCS_21.0.0.00014_win\ccs\tools\compiler\ti-cgt-armllvm_5.1.1.LTS\lib\armv6m-ti-none-eabi/c/libc.a
       s_atanf.c.obj                  466     32        0      
       e_atan2f.c.obj                 280     0         0      
       autoinit.c.obj                 60      0         0      
       boot_cortex_m.c.obj            40      0         0      
       copy_zero_init.c.obj           22      0         0      
       exit.c.obj                     6       0         0      
       pre_init.c.obj                 4       0         0      
    +--+------------------------------+-------+---------+---------+
       Total:                         878     32        0      
                                                               
    D:\CCS_21.0.0.00014_win\ccs\tools\compiler\ti-cgt-armllvm_5.1.1.LTS\lib\armv6m-ti-none-eabi/c/libsysbm.a
       hostexit.c.obj                 4       0         0      
    +--+------------------------------+-------+---------+---------+
       Total:                         4       0         0      
                                                               
    D:\CCS_21.0.0.00014_win\ccs\tools\compiler\ti-cgt-armllvm_5.1.1.LTS\lib\armv6m-ti-none-eabi/libclang_rt.builtins.a
       addsf3.S.obj                   232     0         0      
       divsf3.S.obj                   146     0         0      
       comparesf2.S.obj               140     0         0      
       mulsf3.S.obj                   140     0         0      
       aeabi_fcmp.S.obj               90      0         0      
       aeabi_idivmod.S.obj            86      0         0      
       aeabi_uidivmod.S.obj           64      0         0      
       floatsisf.S.obj                60      0         0      
       muldsi3.S.obj                  58      0         0      
       fixsfsi.S.obj                  56      0         0      
       fixunssfsi.S.obj               50      0         0      
       floatunsisf.S.obj              40      0         0      
       aeabi_div0.c.obj               2       0         0      
    +--+------------------------------+-------+---------+---------+
       Total:                         1164    0         0      
                                                               
       Stack:                         0       0         512    
       Linker Generated:              0       20        0      
    +--+------------------------------+-------+---------+---------+
       Grand Total:                   20948   459       966    


LINKER GENERATED COPY TABLES

__TI_cinit_table @ 000053ac records: 1, size/record: 8, table size: 8
	.bss: load addr=000053a0, load size=00000008 bytes, run addr=20200000, run size=000001c6 bytes, compression=zero_init


LINKER GENERATED HANDLER TABLE

__TI_handler_table @ 000053a8 records: 1, size/record: 4, table size: 4
	index: 0, handler: __TI_zero_init


FAR CALL TRAMPOLINES

callee name               trampoline name
   callee addr  tramp addr   call addr  call info
--------------  -----------  ---------  ----------------
__aeabi_fdiv              $Tramp$TT$L$PI$$__aeabi_fdiv
   000045e1     00005264     00005262   libc.a : s_atanf.c.obj (.text.OUTLINED_FUNCTION_0)
__aeabi_fadd              $Tramp$TT$L$PI$$__aeabi_fadd
   00003fff     00005284     00005280   libc.a : s_atanf.c.obj (.text.OUTLINED_FUNCTION_1)

[2 trampolines]
[2 trampoline calls]


GLOBAL SYMBOLS: SORTED ALPHABETICALLY BY Name 

address   name                                       
-------   ----                                       
00004663  ADC0_IRQHandler                            
00004663  ADC1_IRQHandler                            
00004663  AES_IRQHandler                             
000051f1  ArcInterface_hasFault                      
000042d9  ArcInterface_init                          
0000518f  ArcInterface_request                       
000051a3  ArcInterface_requestFromDiagonal           
000051b7  ArcInterface_requestFromDiagonalNoExitAlign
000051cb  ArcInterface_requestGrayPidTest            
00004e2d  ArcInterface_takeComplete                  
000000c1  ArcInterface_task1ms                       
0000527a  C$$EXIT                                    
00004663  CANFD0_IRQHandler                          
00004663  DAC0_IRQHandler                            
00005255  DL_Common_delayCycles                      
00003a55  DL_Timer_initFourCCPWMMode                 
00003b59  DL_Timer_initTimerMode                     
000050a1  DL_Timer_setCaptCompUpdateMethod           
00005149  DL_Timer_setCaptureCompareOutCtl           
00005201  DL_Timer_setCaptureCompareValue            
000050bd  DL_Timer_setClockConfig                    
00004af9  DL_UART_init                               
000051df  DL_UART_setClockConfig                     
00004663  DMA_IRQHandler                             
00004663  Default_Handler                            
000050d9  Encoder_getTotal                           
00004b41  Encoder_init                               
00004f9d  Encoder_reset                              
00005081  Encoder_sample                             
00004663  GROUP0_IRQHandler                          
00004b89  GROUP1_IRQHandler                          
00004c51  Gyro_captureCourseZero                     
00003e45  Gyro_getCourseYawDeg                       
00005015  Gyro_getRateDps                            
00005039  Gyro_getYawDeg                             
00005231  Gyro_hasRate                               
0000523d  Gyro_hasYaw                                
00004745  Gyro_init                                  
0000505d  Gyro_isOnline                              
00003c55  Gyro_setOutputRate100Hz                    
000050f5  Gyro_task1ms                               
0000527b  HOSTexit                                   
00004663  HardFault_Handler                          
00004663  I2C0_IRQHandler                            
00004663  I2C1_IRQHandler                            
00004e95  Indicator_fault                            
00004ec1  Indicator_finished                         
00004eed  Indicator_init                             
00004f19  Indicator_start                            
00004c8d  Indicator_task1ms                          
00005111  LineSensor_init                            
00003279  LineSensor_read                            
000048e9  Mission_init                               
00002dd9  Mission_task1ms                            
00004a51  Motor_brakeAll                             
00004cc9  Motor_coastAll                             
00005211  Motor_disable                              
00005221  Motor_enable                               
000049a1  Motor_init                                 
000047b1  Motor_setForward                           
00004381  Motor_setSigned                            
00004663  NMI_Handler                                
00002909  OLED_init                                  
00000fb9  OLED_task1ms                               
00004663  PendSV_Handler                             
00004663  RTC_IRQHandler                             
00005295  Reset_Handler                              
00004663  SPI0_IRQHandler                            
00004663  SPI1_IRQHandler                            
00004663  SVC_Handler                                
00004f45  SYSCFG_DL_CONTROL_TIMER_init               
00003d4d  SYSCFG_DL_GPIO_init                        
00004665  SYSCFG_DL_GYRO_UART_init                   
000046d5  SYSCFG_DL_PWM_LEFT_init                    
00004819  SYSCFG_DL_PWM_RIGHT_init                   
00004bd1  SYSCFG_DL_SYSCTL_init                      
00004f71  SYSCFG_DL_init                             
00004aa5  SYSCFG_DL_initPower                        
00005249  StraightControl_startAbsolute              
00005161  StraightControl_startQ1Test                
00001e5d  StraightControl_task1ms                    
00004663  SysTick_Handler                            
00004663  TIMA0_IRQHandler                           
00004663  TIMA1_IRQHandler                           
00004663  TIMG0_IRQHandler                           
0000512d  TIMG12_IRQHandler                          
00004663  TIMG6_IRQHandler                           
00004663  TIMG7_IRQHandler                           
00004663  TIMG8_IRQHandler                           
00004d05  TaskButtons_init                           
00003809  TaskButtons_poll1ms                        
00003035  TurnControl_startAbsolute                  
00001811  TurnControl_task1ms                        
0000422d  UART0_IRQHandler                           
00004663  UART1_IRQHandler                           
00004663  UART2_IRQHandler                           
00004663  UART3_IRQHandler                           
20208000  __STACK_END                                
00000200  __STACK_SIZE                               
00000000  __TI_ATRegion0_region_sz                   
00000000  __TI_ATRegion0_src_addr                    
00000000  __TI_ATRegion0_trg_addr                    
00000000  __TI_ATRegion1_region_sz                   
00000000  __TI_ATRegion1_src_addr                    
00000000  __TI_ATRegion1_trg_addr                    
00000000  __TI_ATRegion2_region_sz                   
00000000  __TI_ATRegion2_src_addr                    
00000000  __TI_ATRegion2_trg_addr                    
000053ac  __TI_CINIT_Base                            
000053b4  __TI_CINIT_Limit                           
000053b4  __TI_CINIT_Warm                            
000053a8  __TI_Handler_Table_Base                    
000053ac  __TI_Handler_Table_Limit                   
00004d41  __TI_auto_init_nobinit_nopinit             
ffffffff  __TI_pprof_out_hndl                        
ffffffff  __TI_prof_data_size                        
ffffffff  __TI_prof_data_start                       
00000000  __TI_static_base__                         
00005179  __TI_zero_init_nomemset                    
00003fff  __addsf3                                   
00004df5  __aeabi_f2iz                               
00004e61  __aeabi_f2uiz                              
00003fff  __aeabi_fadd                               
00004945  __aeabi_fcmpeq                             
0000497b  __aeabi_fcmpge                             
0000498d  __aeabi_fcmpgt                             
00004969  __aeabi_fcmple                             
00004957  __aeabi_fcmplt                             
0000453f  __aeabi_fcmpun                             
000045e1  __aeabi_fdiv                               
00004555  __aeabi_fmul                               
00003ff5  __aeabi_fsub                               
00004d7d  __aeabi_i2f                                
000049f9  __aeabi_idiv                               
0000499f  __aeabi_idiv0                              
000049f9  __aeabi_idivmod                            
00004fed  __aeabi_ui2f                               
00004c11  __aeabi_uidiv                              
00004c11  __aeabi_uidivmod                           
ffffffff  __binit__                                  
000044c9  __cmpsf2                                   
000045e1  __divsf3                                   
000044c9  __eqsf2                                    
00004df5  __fixsfsi                                  
00004e61  __fixunssfsi                               
00004d7d  __floatsisf                                
00004fed  __floatunsisf                              
00004503  __gesf2                                    
00004503  __gtsf2                                    
000044c9  __lesf2                                    
000044c9  __ltsf2                                    
UNDEFED   __mpu_init                                 
00004db9  __muldsi3                                  
00004555  __mulsf3                                   
000044c9  __nesf2                                    
20207e00  __stack                                    
20200000  __start___llvm_prf_bits                    
20200000  __start___llvm_prf_cnts                    
20200000  __stop___llvm_prf_bits                     
20200000  __stop___llvm_prf_cnts                     
00003ff5  __subsf3                                   
0000453f  __unordsf2                                 
00004fc5  _c_int00_noargs                            
UNDEFED   _system_post_cinit                         
00005299  _system_pre_init                           
00005275  abort                                      
0000393d  atan2f                                     
00003485  atanf                                      
ffffffff  binit                                      
20200134  gArcAccumulatedYawDebug                    
2020018c  gArcCorrectionDebug                        
202001bb  gArcFaultDebug                             
2020018e  gArcHeadingBlendDebug                      
20200190  gArcHeadingCorrectionDebug                 
20200192  gArcLineErrorDebug                         
202001bc  gArcRawBitsDebug                           
20200138  gArcRequestDebug                           
2020013c  gArcSegmentPulsesDebug                     
202001bd  gArcStatusDebug                            
20200140  gArcTargetYawDebug                         
20200144  gArcYawDebug                               
20200148  gCurveYawErrorDebug                        
202001be  gCurveYawSignDebug                         
20200194  gGyroAgeMs                                 
2020014c  gGyroChecksumErrorCount                    
20200150  gGyroCourseZeroDeg                         
20200196  gGyroRawRate                               
20200198  gGyroRawYaw                                
20200154  gGyroValidFrameCount                       
202001bf  gMissionFault                              
202001c0  gMissionLap                                
202001c1  gMissionMode                               
202001c2  gMissionPhase                              
202001c3  gMissionState                              
20200000  gPWM_RIGHTBackup                           
2020019a  gStraightCorrection                        
202001c4  gStraightEndpointEligibleDebug             
20200158  gStraightLeftPulses                        
202001c5  gStraightRawGray                           
2020015c  gStraightRightPulses                       
20200160  gStraightTargetPulses                      
20200164  gStraightTargetYawDebug                    
20200168  gTurnAbsoluteError                         
2020016c  gTurnTargetDeg                             
20200170  gTurnYawDelta                              
00000000  interruptVectors                           
00004881  main                                       


GLOBAL SYMBOLS: SORTED BY Symbol Address 

address   name                                       
-------   ----                                       
00000000  __TI_ATRegion0_region_sz                   
00000000  __TI_ATRegion0_src_addr                    
00000000  __TI_ATRegion0_trg_addr                    
00000000  __TI_ATRegion1_region_sz                   
00000000  __TI_ATRegion1_src_addr                    
00000000  __TI_ATRegion1_trg_addr                    
00000000  __TI_ATRegion2_region_sz                   
00000000  __TI_ATRegion2_src_addr                    
00000000  __TI_ATRegion2_trg_addr                    
00000000  __TI_static_base__                         
00000000  interruptVectors                           
000000c1  ArcInterface_task1ms                       
00000200  __STACK_SIZE                               
00000fb9  OLED_task1ms                               
00001811  TurnControl_task1ms                        
00001e5d  StraightControl_task1ms                    
00002909  OLED_init                                  
00002dd9  Mission_task1ms                            
00003035  TurnControl_startAbsolute                  
00003279  LineSensor_read                            
00003485  atanf                                      
00003809  TaskButtons_poll1ms                        
0000393d  atan2f                                     
00003a55  DL_Timer_initFourCCPWMMode                 
00003b59  DL_Timer_initTimerMode                     
00003c55  Gyro_setOutputRate100Hz                    
00003d4d  SYSCFG_DL_GPIO_init                        
00003e45  Gyro_getCourseYawDeg                       
00003ff5  __aeabi_fsub                               
00003ff5  __subsf3                                   
00003fff  __addsf3                                   
00003fff  __aeabi_fadd                               
0000422d  UART0_IRQHandler                           
000042d9  ArcInterface_init                          
00004381  Motor_setSigned                            
000044c9  __cmpsf2                                   
000044c9  __eqsf2                                    
000044c9  __lesf2                                    
000044c9  __ltsf2                                    
000044c9  __nesf2                                    
00004503  __gesf2                                    
00004503  __gtsf2                                    
0000453f  __aeabi_fcmpun                             
0000453f  __unordsf2                                 
00004555  __aeabi_fmul                               
00004555  __mulsf3                                   
000045e1  __aeabi_fdiv                               
000045e1  __divsf3                                   
00004663  ADC0_IRQHandler                            
00004663  ADC1_IRQHandler                            
00004663  AES_IRQHandler                             
00004663  CANFD0_IRQHandler                          
00004663  DAC0_IRQHandler                            
00004663  DMA_IRQHandler                             
00004663  Default_Handler                            
00004663  GROUP0_IRQHandler                          
00004663  HardFault_Handler                          
00004663  I2C0_IRQHandler                            
00004663  I2C1_IRQHandler                            
00004663  NMI_Handler                                
00004663  PendSV_Handler                             
00004663  RTC_IRQHandler                             
00004663  SPI0_IRQHandler                            
00004663  SPI1_IRQHandler                            
00004663  SVC_Handler                                
00004663  SysTick_Handler                            
00004663  TIMA0_IRQHandler                           
00004663  TIMA1_IRQHandler                           
00004663  TIMG0_IRQHandler                           
00004663  TIMG6_IRQHandler                           
00004663  TIMG7_IRQHandler                           
00004663  TIMG8_IRQHandler                           
00004663  UART1_IRQHandler                           
00004663  UART2_IRQHandler                           
00004663  UART3_IRQHandler                           
00004665  SYSCFG_DL_GYRO_UART_init                   
000046d5  SYSCFG_DL_PWM_LEFT_init                    
00004745  Gyro_init                                  
000047b1  Motor_setForward                           
00004819  SYSCFG_DL_PWM_RIGHT_init                   
00004881  main                                       
000048e9  Mission_init                               
00004945  __aeabi_fcmpeq                             
00004957  __aeabi_fcmplt                             
00004969  __aeabi_fcmple                             
0000497b  __aeabi_fcmpge                             
0000498d  __aeabi_fcmpgt                             
0000499f  __aeabi_idiv0                              
000049a1  Motor_init                                 
000049f9  __aeabi_idiv                               
000049f9  __aeabi_idivmod                            
00004a51  Motor_brakeAll                             
00004aa5  SYSCFG_DL_initPower                        
00004af9  DL_UART_init                               
00004b41  Encoder_init                               
00004b89  GROUP1_IRQHandler                          
00004bd1  SYSCFG_DL_SYSCTL_init                      
00004c11  __aeabi_uidiv                              
00004c11  __aeabi_uidivmod                           
00004c51  Gyro_captureCourseZero                     
00004c8d  Indicator_task1ms                          
00004cc9  Motor_coastAll                             
00004d05  TaskButtons_init                           
00004d41  __TI_auto_init_nobinit_nopinit             
00004d7d  __aeabi_i2f                                
00004d7d  __floatsisf                                
00004db9  __muldsi3                                  
00004df5  __aeabi_f2iz                               
00004df5  __fixsfsi                                  
00004e2d  ArcInterface_takeComplete                  
00004e61  __aeabi_f2uiz                              
00004e61  __fixunssfsi                               
00004e95  Indicator_fault                            
00004ec1  Indicator_finished                         
00004eed  Indicator_init                             
00004f19  Indicator_start                            
00004f45  SYSCFG_DL_CONTROL_TIMER_init               
00004f71  SYSCFG_DL_init                             
00004f9d  Encoder_reset                              
00004fc5  _c_int00_noargs                            
00004fed  __aeabi_ui2f                               
00004fed  __floatunsisf                              
00005015  Gyro_getRateDps                            
00005039  Gyro_getYawDeg                             
0000505d  Gyro_isOnline                              
00005081  Encoder_sample                             
000050a1  DL_Timer_setCaptCompUpdateMethod           
000050bd  DL_Timer_setClockConfig                    
000050d9  Encoder_getTotal                           
000050f5  Gyro_task1ms                               
00005111  LineSensor_init                            
0000512d  TIMG12_IRQHandler                          
00005149  DL_Timer_setCaptureCompareOutCtl           
00005161  StraightControl_startQ1Test                
00005179  __TI_zero_init_nomemset                    
0000518f  ArcInterface_request                       
000051a3  ArcInterface_requestFromDiagonal           
000051b7  ArcInterface_requestFromDiagonalNoExitAlign
000051cb  ArcInterface_requestGrayPidTest            
000051df  DL_UART_setClockConfig                     
000051f1  ArcInterface_hasFault                      
00005201  DL_Timer_setCaptureCompareValue            
00005211  Motor_disable                              
00005221  Motor_enable                               
00005231  Gyro_hasRate                               
0000523d  Gyro_hasYaw                                
00005249  StraightControl_startAbsolute              
00005255  DL_Common_delayCycles                      
00005275  abort                                      
0000527a  C$$EXIT                                    
0000527b  HOSTexit                                   
00005295  Reset_Handler                              
00005299  _system_pre_init                           
000053a8  __TI_Handler_Table_Base                    
000053ac  __TI_CINIT_Base                            
000053ac  __TI_Handler_Table_Limit                   
000053b4  __TI_CINIT_Limit                           
000053b4  __TI_CINIT_Warm                            
20200000  __start___llvm_prf_bits                    
20200000  __start___llvm_prf_cnts                    
20200000  __stop___llvm_prf_bits                     
20200000  __stop___llvm_prf_cnts                     
20200000  gPWM_RIGHTBackup                           
20200134  gArcAccumulatedYawDebug                    
20200138  gArcRequestDebug                           
2020013c  gArcSegmentPulsesDebug                     
20200140  gArcTargetYawDebug                         
20200144  gArcYawDebug                               
20200148  gCurveYawErrorDebug                        
2020014c  gGyroChecksumErrorCount                    
20200150  gGyroCourseZeroDeg                         
20200154  gGyroValidFrameCount                       
20200158  gStraightLeftPulses                        
2020015c  gStraightRightPulses                       
20200160  gStraightTargetPulses                      
20200164  gStraightTargetYawDebug                    
20200168  gTurnAbsoluteError                         
2020016c  gTurnTargetDeg                             
20200170  gTurnYawDelta                              
2020018c  gArcCorrectionDebug                        
2020018e  gArcHeadingBlendDebug                      
20200190  gArcHeadingCorrectionDebug                 
20200192  gArcLineErrorDebug                         
20200194  gGyroAgeMs                                 
20200196  gGyroRawRate                               
20200198  gGyroRawYaw                                
2020019a  gStraightCorrection                        
202001bb  gArcFaultDebug                             
202001bc  gArcRawBitsDebug                           
202001bd  gArcStatusDebug                            
202001be  gCurveYawSignDebug                         
202001bf  gMissionFault                              
202001c0  gMissionLap                                
202001c1  gMissionMode                               
202001c2  gMissionPhase                              
202001c3  gMissionState                              
202001c4  gStraightEndpointEligibleDebug             
202001c5  gStraightRawGray                           
20207e00  __stack                                    
20208000  __STACK_END                                
ffffffff  __TI_pprof_out_hndl                        
ffffffff  __TI_prof_data_size                        
ffffffff  __TI_prof_data_start                       
ffffffff  __binit__                                  
ffffffff  binit                                      
UNDEFED   __mpu_init                                 
UNDEFED   _system_post_cinit                         

[207 symbols]
