<?xml version="1.0" encoding="ISO-8859-1" ?>
<link_info>
   <banner>TI ARM Clang Linker PC v5.1.1.LTS</banner>
   <copyright>Copyright (c) 1996-2018 Texas Instruments Incorporated</copyright>
   <command_line>D:\CCS_21.0.0.00014_win\ccs\tools\compiler\ti-cgt-armllvm_5.1.1.LTS\bin\tiarmlnk -ID:\CCS_21.0.0.00014_win\ccs\tools\compiler\ti-cgt-armllvm_5.1.1.LTS\lib -o empty_LP_MSPM0G3507_nortos_ticlang.out --cg_opt_level=2 -mempty_LP_MSPM0G3507_nortos_ticlang.map -iD:/CCS_21.0.0.00014_win/CCS_21.0.0.00014_win/mspm0_sdk_2_11_00_07/source -iF:/car/empty_LP_MSPM0G3507_nortos_ticlang -iF:/car/empty_LP_MSPM0G3507_nortos_ticlang/Debug/syscfg -iD:/CCS_21.0.0.00014_win/ccs/tools/compiler/ti-cgt-armllvm_5.1.1.LTS/lib --diag_wrap=off --display_error_number --warn_sections --xml_link_info=empty_LP_MSPM0G3507_nortos_ticlang_linkInfo.xml --rom_model ./arc_interface.o ./empty.o ./ti_msp_dl_config.o ./startup_mspm0g350x_ticlang.o ./encoder.o ./gyro.o ./indicator.o ./line_sensor.o ./mission.o ./motor.o ./oled.o ./straight_control.o ./task_buttons.o ./turn_control.o -l./device_linker.cmd -ldevice.cmd.genlibs -llibc.a --start-group -llibc++.a -llibc++abi.a -llibc.a -llibsys.a -llibsysbm.a -llibclang_rt.builtins.a -llibclang_rt.profile.a --end-group</command_line>
   <link_time>0x6a60ed6e</link_time>
   <link_errors>0x0</link_errors>
   <output_file>F:\car\empty_LP_MSPM0G3507_nortos_ticlang\Debug\empty_LP_MSPM0G3507_nortos_ticlang.out</output_file>
   <entry_point>
      <name>_c_int00_noargs</name>
      <address>0x4fc5</address>
   </entry_point>
   <input_file_list>
      <input_file id="fl-1">
         <path>F:\car\empty_LP_MSPM0G3507_nortos_ticlang\Debug\.\</path>
         <kind>object</kind>
         <file>arc_interface.o</file>
         <name>arc_interface.o</name>
      </input_file>
      <input_file id="fl-2">
         <path>F:\car\empty_LP_MSPM0G3507_nortos_ticlang\Debug\.\</path>
         <kind>object</kind>
         <file>empty.o</file>
         <name>empty.o</name>
      </input_file>
      <input_file id="fl-3">
         <path>F:\car\empty_LP_MSPM0G3507_nortos_ticlang\Debug\.\</path>
         <kind>object</kind>
         <file>ti_msp_dl_config.o</file>
         <name>ti_msp_dl_config.o</name>
      </input_file>
      <input_file id="fl-4">
         <path>F:\car\empty_LP_MSPM0G3507_nortos_ticlang\Debug\.\</path>
         <kind>object</kind>
         <file>startup_mspm0g350x_ticlang.o</file>
         <name>startup_mspm0g350x_ticlang.o</name>
      </input_file>
      <input_file id="fl-5">
         <path>F:\car\empty_LP_MSPM0G3507_nortos_ticlang\Debug\.\</path>
         <kind>object</kind>
         <file>encoder.o</file>
         <name>encoder.o</name>
      </input_file>
      <input_file id="fl-6">
         <path>F:\car\empty_LP_MSPM0G3507_nortos_ticlang\Debug\.\</path>
         <kind>object</kind>
         <file>gyro.o</file>
         <name>gyro.o</name>
      </input_file>
      <input_file id="fl-7">
         <path>F:\car\empty_LP_MSPM0G3507_nortos_ticlang\Debug\.\</path>
         <kind>object</kind>
         <file>indicator.o</file>
         <name>indicator.o</name>
      </input_file>
      <input_file id="fl-8">
         <path>F:\car\empty_LP_MSPM0G3507_nortos_ticlang\Debug\.\</path>
         <kind>object</kind>
         <file>line_sensor.o</file>
         <name>line_sensor.o</name>
      </input_file>
      <input_file id="fl-9">
         <path>F:\car\empty_LP_MSPM0G3507_nortos_ticlang\Debug\.\</path>
         <kind>object</kind>
         <file>mission.o</file>
         <name>mission.o</name>
      </input_file>
      <input_file id="fl-a">
         <path>F:\car\empty_LP_MSPM0G3507_nortos_ticlang\Debug\.\</path>
         <kind>object</kind>
         <file>motor.o</file>
         <name>motor.o</name>
      </input_file>
      <input_file id="fl-b">
         <path>F:\car\empty_LP_MSPM0G3507_nortos_ticlang\Debug\.\</path>
         <kind>object</kind>
         <file>oled.o</file>
         <name>oled.o</name>
      </input_file>
      <input_file id="fl-c">
         <path>F:\car\empty_LP_MSPM0G3507_nortos_ticlang\Debug\.\</path>
         <kind>object</kind>
         <file>straight_control.o</file>
         <name>straight_control.o</name>
      </input_file>
      <input_file id="fl-d">
         <path>F:\car\empty_LP_MSPM0G3507_nortos_ticlang\Debug\.\</path>
         <kind>object</kind>
         <file>task_buttons.o</file>
         <name>task_buttons.o</name>
      </input_file>
      <input_file id="fl-e">
         <path>F:\car\empty_LP_MSPM0G3507_nortos_ticlang\Debug\.\</path>
         <kind>object</kind>
         <file>turn_control.o</file>
         <name>turn_control.o</name>
      </input_file>
      <input_file id="fl-1b">
         <path>F:\car\empty_LP_MSPM0G3507_nortos_ticlang\Debug\</path>
         <kind>object</kind>
         <file>&lt;internal&gt;</file>
         <name>&lt;internal&gt;</name>
      </input_file>
      <input_file id="fl-1c">
         <path>D:\CCS_21.0.0.00014_win\CCS_21.0.0.00014_win\mspm0_sdk_2_11_00_07\source\ti\driverlib\lib\ticlang\m0p\mspm0g1x0x_g3x0x\</path>
         <kind>archive</kind>
         <file>driverlib.a</file>
         <name>dl_common.o</name>
      </input_file>
      <input_file id="fl-1d">
         <path>D:\CCS_21.0.0.00014_win\CCS_21.0.0.00014_win\mspm0_sdk_2_11_00_07\source\ti\driverlib\lib\ticlang\m0p\mspm0g1x0x_g3x0x\</path>
         <kind>archive</kind>
         <file>driverlib.a</file>
         <name>dl_timer.o</name>
      </input_file>
      <input_file id="fl-1e">
         <path>D:\CCS_21.0.0.00014_win\CCS_21.0.0.00014_win\mspm0_sdk_2_11_00_07\source\ti\driverlib\lib\ticlang\m0p\mspm0g1x0x_g3x0x\</path>
         <kind>archive</kind>
         <file>driverlib.a</file>
         <name>dl_uart.o</name>
      </input_file>
      <input_file id="fl-3b">
         <path>D:\CCS_21.0.0.00014_win\ccs\tools\compiler\ti-cgt-armllvm_5.1.1.LTS\lib\armv6m-ti-none-eabi\c\</path>
         <kind>archive</kind>
         <file>libc.a</file>
         <name>e_atan2f.c.obj</name>
      </input_file>
      <input_file id="fl-3c">
         <path>D:\CCS_21.0.0.00014_win\ccs\tools\compiler\ti-cgt-armllvm_5.1.1.LTS\lib\armv6m-ti-none-eabi\c\</path>
         <kind>archive</kind>
         <file>libc.a</file>
         <name>s_atanf.c.obj</name>
      </input_file>
      <input_file id="fl-3d">
         <path>D:\CCS_21.0.0.00014_win\ccs\tools\compiler\ti-cgt-armllvm_5.1.1.LTS\lib\armv6m-ti-none-eabi\c\</path>
         <kind>archive</kind>
         <file>libc.a</file>
         <name>boot_cortex_m.c.obj</name>
      </input_file>
      <input_file id="fl-3e">
         <path>D:\CCS_21.0.0.00014_win\ccs\tools\compiler\ti-cgt-armllvm_5.1.1.LTS\lib\armv6m-ti-none-eabi\c\</path>
         <kind>archive</kind>
         <file>libc.a</file>
         <name>mathacl_init.c.obj</name>
      </input_file>
      <input_file id="fl-3f">
         <path>D:\CCS_21.0.0.00014_win\ccs\tools\compiler\ti-cgt-armllvm_5.1.1.LTS\lib\armv6m-ti-none-eabi\c\</path>
         <kind>archive</kind>
         <file>libc.a</file>
         <name>autoinit.c.obj</name>
      </input_file>
      <input_file id="fl-40">
         <path>D:\CCS_21.0.0.00014_win\ccs\tools\compiler\ti-cgt-armllvm_5.1.1.LTS\lib\armv6m-ti-none-eabi\c\</path>
         <kind>archive</kind>
         <file>libc.a</file>
         <name>pre_init.c.obj</name>
      </input_file>
      <input_file id="fl-41">
         <path>D:\CCS_21.0.0.00014_win\ccs\tools\compiler\ti-cgt-armllvm_5.1.1.LTS\lib\armv6m-ti-none-eabi\c\</path>
         <kind>archive</kind>
         <file>libc.a</file>
         <name>cpy_tbl.c.obj</name>
      </input_file>
      <input_file id="fl-42">
         <path>D:\CCS_21.0.0.00014_win\ccs\tools\compiler\ti-cgt-armllvm_5.1.1.LTS\lib\armv6m-ti-none-eabi\c\</path>
         <kind>archive</kind>
         <file>libc.a</file>
         <name>copy_zero_init.c.obj</name>
      </input_file>
      <input_file id="fl-43">
         <path>D:\CCS_21.0.0.00014_win\ccs\tools\compiler\ti-cgt-armllvm_5.1.1.LTS\lib\armv6m-ti-none-eabi\c\</path>
         <kind>archive</kind>
         <file>libc.a</file>
         <name>copy_decompress_none.c.obj</name>
      </input_file>
      <input_file id="fl-44">
         <path>D:\CCS_21.0.0.00014_win\ccs\tools\compiler\ti-cgt-armllvm_5.1.1.LTS\lib\armv6m-ti-none-eabi\c\</path>
         <kind>archive</kind>
         <file>libc.a</file>
         <name>copy_decompress_lzss.c.obj</name>
      </input_file>
      <input_file id="fl-45">
         <path>D:\CCS_21.0.0.00014_win\ccs\tools\compiler\ti-cgt-armllvm_5.1.1.LTS\lib\armv6m-ti-none-eabi\c\</path>
         <kind>archive</kind>
         <file>libc.a</file>
         <name>exit.c.obj</name>
      </input_file>
      <input_file id="fl-46">
         <path>D:\CCS_21.0.0.00014_win\ccs\tools\compiler\ti-cgt-armllvm_5.1.1.LTS\lib\armv6m-ti-none-eabi\c\</path>
         <kind>archive</kind>
         <file>libc.a</file>
         <name>_lock.c.obj</name>
      </input_file>
      <input_file id="fl-47">
         <path>D:\CCS_21.0.0.00014_win\ccs\tools\compiler\ti-cgt-armllvm_5.1.1.LTS\lib\armv6m-ti-none-eabi\c\</path>
         <kind>archive</kind>
         <file>libc.a</file>
         <name>args_main.c.obj</name>
      </input_file>
      <input_file id="fl-13b">
         <path>D:\CCS_21.0.0.00014_win\ccs\tools\compiler\ti-cgt-armllvm_5.1.1.LTS\lib\armv6m-ti-none-eabi\c\</path>
         <kind>archive</kind>
         <file>libsysbm.a</file>
         <name>hostexit.c.obj</name>
      </input_file>
      <input_file id="fl-13c">
         <path>D:\CCS_21.0.0.00014_win\ccs\tools\compiler\ti-cgt-armllvm_5.1.1.LTS\lib\armv6m-ti-none-eabi\</path>
         <kind>archive</kind>
         <file>libclang_rt.builtins.a</file>
         <name>addsf3.S.obj</name>
      </input_file>
      <input_file id="fl-13d">
         <path>D:\CCS_21.0.0.00014_win\ccs\tools\compiler\ti-cgt-armllvm_5.1.1.LTS\lib\armv6m-ti-none-eabi\</path>
         <kind>archive</kind>
         <file>libclang_rt.builtins.a</file>
         <name>mulsf3.S.obj</name>
      </input_file>
      <input_file id="fl-13e">
         <path>D:\CCS_21.0.0.00014_win\ccs\tools\compiler\ti-cgt-armllvm_5.1.1.LTS\lib\armv6m-ti-none-eabi\</path>
         <kind>archive</kind>
         <file>libclang_rt.builtins.a</file>
         <name>divsf3.S.obj</name>
      </input_file>
      <input_file id="fl-13f">
         <path>D:\CCS_21.0.0.00014_win\ccs\tools\compiler\ti-cgt-armllvm_5.1.1.LTS\lib\armv6m-ti-none-eabi\</path>
         <kind>archive</kind>
         <file>libclang_rt.builtins.a</file>
         <name>fixsfsi.S.obj</name>
      </input_file>
      <input_file id="fl-140">
         <path>D:\CCS_21.0.0.00014_win\ccs\tools\compiler\ti-cgt-armllvm_5.1.1.LTS\lib\armv6m-ti-none-eabi\</path>
         <kind>archive</kind>
         <file>libclang_rt.builtins.a</file>
         <name>fixunssfsi.S.obj</name>
      </input_file>
      <input_file id="fl-141">
         <path>D:\CCS_21.0.0.00014_win\ccs\tools\compiler\ti-cgt-armllvm_5.1.1.LTS\lib\armv6m-ti-none-eabi\</path>
         <kind>archive</kind>
         <file>libclang_rt.builtins.a</file>
         <name>floatsisf.S.obj</name>
      </input_file>
      <input_file id="fl-142">
         <path>D:\CCS_21.0.0.00014_win\ccs\tools\compiler\ti-cgt-armllvm_5.1.1.LTS\lib\armv6m-ti-none-eabi\</path>
         <kind>archive</kind>
         <file>libclang_rt.builtins.a</file>
         <name>floatunsisf.S.obj</name>
      </input_file>
      <input_file id="fl-143">
         <path>D:\CCS_21.0.0.00014_win\ccs\tools\compiler\ti-cgt-armllvm_5.1.1.LTS\lib\armv6m-ti-none-eabi\</path>
         <kind>archive</kind>
         <file>libclang_rt.builtins.a</file>
         <name>aeabi_fcmp.S.obj</name>
      </input_file>
      <input_file id="fl-144">
         <path>D:\CCS_21.0.0.00014_win\ccs\tools\compiler\ti-cgt-armllvm_5.1.1.LTS\lib\armv6m-ti-none-eabi\</path>
         <kind>archive</kind>
         <file>libclang_rt.builtins.a</file>
         <name>aeabi_idivmod.S.obj</name>
      </input_file>
      <input_file id="fl-145">
         <path>D:\CCS_21.0.0.00014_win\ccs\tools\compiler\ti-cgt-armllvm_5.1.1.LTS\lib\armv6m-ti-none-eabi\</path>
         <kind>archive</kind>
         <file>libclang_rt.builtins.a</file>
         <name>aeabi_uidivmod.S.obj</name>
      </input_file>
      <input_file id="fl-146">
         <path>D:\CCS_21.0.0.00014_win\ccs\tools\compiler\ti-cgt-armllvm_5.1.1.LTS\lib\armv6m-ti-none-eabi\</path>
         <kind>archive</kind>
         <file>libclang_rt.builtins.a</file>
         <name>aeabi_memcpy.S.obj</name>
      </input_file>
      <input_file id="fl-147">
         <path>D:\CCS_21.0.0.00014_win\ccs\tools\compiler\ti-cgt-armllvm_5.1.1.LTS\lib\armv6m-ti-none-eabi\</path>
         <kind>archive</kind>
         <file>libclang_rt.builtins.a</file>
         <name>aeabi_memset.S.obj</name>
      </input_file>
      <input_file id="fl-148">
         <path>D:\CCS_21.0.0.00014_win\ccs\tools\compiler\ti-cgt-armllvm_5.1.1.LTS\lib\armv6m-ti-none-eabi\</path>
         <kind>archive</kind>
         <file>libclang_rt.builtins.a</file>
         <name>comparesf2.S.obj</name>
      </input_file>
      <input_file id="fl-149">
         <path>D:\CCS_21.0.0.00014_win\ccs\tools\compiler\ti-cgt-armllvm_5.1.1.LTS\lib\armv6m-ti-none-eabi\</path>
         <kind>archive</kind>
         <file>libclang_rt.builtins.a</file>
         <name>muldsi3.S.obj</name>
      </input_file>
      <input_file id="fl-14a">
         <path>D:\CCS_21.0.0.00014_win\ccs\tools\compiler\ti-cgt-armllvm_5.1.1.LTS\lib\armv6m-ti-none-eabi\</path>
         <kind>archive</kind>
         <file>libclang_rt.builtins.a</file>
         <name>aeabi_div0.c.obj</name>
      </input_file>
      <input_file id="fl-14b">
         <path>D:\CCS_21.0.0.00014_win\ccs\tools\compiler\ti-cgt-armllvm_5.1.1.LTS\lib\armv6m-ti-none-eabi\c\</path>
         <kind>archive</kind>
         <file>libc.a</file>
         <name>memcpy16.S.obj</name>
      </input_file>
      <input_file id="fl-14c">
         <path>D:\CCS_21.0.0.00014_win\ccs\tools\compiler\ti-cgt-armllvm_5.1.1.LTS\lib\armv6m-ti-none-eabi\c\</path>
         <kind>archive</kind>
         <file>libc.a</file>
         <name>memset16.S.obj</name>
      </input_file>
   </input_file_list>
   <object_component_list>
      <object_component id="oc-18">
         <name>.intvecs</name>
         <load_address>0x0</load_address>
         <readonly>true</readonly>
         <run_address>0x0</run_address>
         <size>0xc0</size>
         <alignment>0x4</alignment>
         <input_file_ref idref="fl-4"/>
      </object_component>
      <object_component id="oc-10f">
         <name>.text.ArcInterface_task1ms</name>
         <load_address>0xc0</load_address>
         <readonly>true</readonly>
         <executable>true</executable>
         <run_address>0xc0</run_address>
         <size>0xef8</size>
         <alignment>0x4</alignment>
         <input_file_ref idref="fl-1"/>
      </object_component>
      <object_component id="oc-ff">
         <name>.text.OLED_task1ms</name>
         <load_address>0xfb8</load_address>
         <readonly>true</readonly>
         <executable>true</executable>
         <run_address>0xfb8</run_address>
         <size>0x858</size>
         <alignment>0x4</alignment>
         <input_file_ref idref="fl-b"/>
      </object_component>
      <object_component id="oc-112">
         <name>.text.TurnControl_task1ms</name>
         <load_address>0x1810</load_address>
         <readonly>true</readonly>
         <executable>true</executable>
         <run_address>0x1810</run_address>
         <size>0x64c</size>
         <alignment>0x4</alignment>
         <input_file_ref idref="fl-e"/>
      </object_component>
      <object_component id="oc-110">
         <name>.text.StraightControl_task1ms</name>
         <load_address>0x1e5c</load_address>
         <readonly>true</readonly>
         <executable>true</executable>
         <run_address>0x1e5c</run_address>
         <size>0x3f0</size>
         <alignment>0x4</alignment>
         <input_file_ref idref="fl-c"/>
      </object_component>
      <object_component id="oc-192">
         <name>.text.requestArc</name>
         <load_address>0x224c</load_address>
         <readonly>true</readonly>
         <executable>true</executable>
         <run_address>0x224c</run_address>
         <size>0x3bc</size>
         <alignment>0x4</alignment>
         <input_file_ref idref="fl-1"/>
      </object_component>
      <object_component id="oc-15d">
         <name>.text.beginPacket</name>
         <load_address>0x2608</load_address>
         <readonly>true</readonly>
         <executable>true</executable>
         <run_address>0x2608</run_address>
         <size>0x300</size>
         <alignment>0x4</alignment>
         <input_file_ref idref="fl-b"/>
      </object_component>
      <object_component id="oc-eb">
         <name>.text.OLED_init</name>
         <load_address>0x2908</load_address>
         <readonly>true</readonly>
         <executable>true</executable>
         <run_address>0x2908</run_address>
         <size>0x26c</size>
         <alignment>0x4</alignment>
         <input_file_ref idref="fl-b"/>
      </object_component>
      <object_component id="oc-1d1">
         <name>.text.transitionAngle</name>
         <load_address>0x2b74</load_address>
         <readonly>true</readonly>
         <executable>true</executable>
         <run_address>0x2b74</run_address>
         <size>0x264</size>
         <alignment>0x4</alignment>
         <input_file_ref idref="fl-c"/>
      </object_component>
      <object_component id="oc-a6">
         <name>.text.Mission_task1ms</name>
         <load_address>0x2dd8</load_address>
         <readonly>true</readonly>
         <executable>true</executable>
         <run_address>0x2dd8</run_address>
         <size>0x25c</size>
         <alignment>0x4</alignment>
         <input_file_ref idref="fl-9"/>
      </object_component>
      <object_component id="oc-120">
         <name>.text.TurnControl_startAbsolute</name>
         <load_address>0x3034</load_address>
         <readonly>true</readonly>
         <executable>true</executable>
         <run_address>0x3034</run_address>
         <size>0x244</size>
         <alignment>0x4</alignment>
         <input_file_ref idref="fl-e"/>
      </object_component>
      <object_component id="oc-1b2">
         <name>.text.LineSensor_read</name>
         <load_address>0x3278</load_address>
         <readonly>true</readonly>
         <executable>true</executable>
         <run_address>0x3278</run_address>
         <size>0x20c</size>
         <alignment>0x4</alignment>
         <input_file_ref idref="fl-8"/>
      </object_component>
      <object_component id="oc-22d">
         <name>.text.atanf</name>
         <load_address>0x3484</load_address>
         <readonly>true</readonly>
         <executable>true</executable>
         <run_address>0x3484</run_address>
         <size>0x1c8</size>
         <alignment>0x4</alignment>
         <input_file_ref idref="fl-3c"/>
      </object_component>
      <object_component id="oc-18e">
         <name>.text.StraightControl_startCommon</name>
         <load_address>0x364c</load_address>
         <readonly>true</readonly>
         <executable>true</executable>
         <run_address>0x364c</run_address>
         <size>0x1bc</size>
         <alignment>0x4</alignment>
         <input_file_ref idref="fl-c"/>
      </object_component>
      <object_component id="oc-101">
         <name>.text.TaskButtons_poll1ms</name>
         <load_address>0x3808</load_address>
         <readonly>true</readonly>
         <executable>true</executable>
         <run_address>0x3808</run_address>
         <size>0x134</size>
         <alignment>0x4</alignment>
         <input_file_ref idref="fl-d"/>
      </object_component>
      <object_component id="oc-223">
         <name>.text.atan2f</name>
         <load_address>0x393c</load_address>
         <readonly>true</readonly>
         <executable>true</executable>
         <run_address>0x393c</run_address>
         <size>0x118</size>
         <alignment>0x4</alignment>
         <input_file_ref idref="fl-3b"/>
      </object_component>
      <object_component id="oc-13c">
         <name>.text.DL_Timer_initFourCCPWMMode</name>
         <load_address>0x3a54</load_address>
         <readonly>true</readonly>
         <executable>true</executable>
         <run_address>0x3a54</run_address>
         <size>0x104</size>
         <alignment>0x4</alignment>
         <input_file_ref idref="fl-1d"/>
      </object_component>
      <object_component id="oc-144">
         <name>.text.DL_Timer_initTimerMode</name>
         <load_address>0x3b58</load_address>
         <readonly>true</readonly>
         <executable>true</executable>
         <run_address>0x3b58</run_address>
         <size>0xfc</size>
         <alignment>0x4</alignment>
         <input_file_ref idref="fl-1d"/>
      </object_component>
      <object_component id="oc-ea">
         <name>.text.Gyro_setOutputRate100Hz</name>
         <load_address>0x3c54</load_address>
         <readonly>true</readonly>
         <executable>true</executable>
         <run_address>0x3c54</run_address>
         <size>0xf8</size>
         <alignment>0x4</alignment>
         <input_file_ref idref="fl-6"/>
      </object_component>
      <object_component id="oc-c9">
         <name>.text.SYSCFG_DL_GPIO_init</name>
         <load_address>0x3d4c</load_address>
         <readonly>true</readonly>
         <executable>true</executable>
         <run_address>0x3d4c</run_address>
         <size>0xf8</size>
         <alignment>0x4</alignment>
         <input_file_ref idref="fl-3"/>
      </object_component>
      <object_component id="oc-194">
         <name>.text.Gyro_getCourseYawDeg</name>
         <load_address>0x3e44</load_address>
         <readonly>true</readonly>
         <executable>true</executable>
         <run_address>0x3e44</run_address>
         <size>0xd8</size>
         <alignment>0x4</alignment>
         <input_file_ref idref="fl-6"/>
      </object_component>
      <object_component id="oc-15e">
         <name>.text.formatDisplay</name>
         <load_address>0x3f1c</load_address>
         <readonly>true</readonly>
         <executable>true</executable>
         <run_address>0x3f1c</run_address>
         <size>0xd8</size>
         <alignment>0x4</alignment>
         <input_file_ref idref="fl-b"/>
      </object_component>
      <object_component id="oc-199">
         <name>.text</name>
         <load_address>0x3ff4</load_address>
         <readonly>true</readonly>
         <executable>true</executable>
         <run_address>0x3ff4</run_address>
         <size>0xd8</size>
         <alignment>0x4</alignment>
         <input_file_ref idref="fl-13c"/>
      </object_component>
      <object_component id="oc-10c">
         <name>.text.startMode</name>
         <load_address>0x40cc</load_address>
         <readonly>true</readonly>
         <executable>true</executable>
         <run_address>0x40cc</run_address>
         <size>0xb0</size>
         <alignment>0x4</alignment>
         <input_file_ref idref="fl-9"/>
      </object_component>
      <object_component id="oc-1d0">
         <name>.text.wrap180</name>
         <load_address>0x417c</load_address>
         <readonly>true</readonly>
         <executable>true</executable>
         <run_address>0x417c</run_address>
         <size>0xb0</size>
         <alignment>0x4</alignment>
         <input_file_ref idref="fl-c"/>
      </object_component>
      <object_component id="oc-39">
         <name>.text.UART0_IRQHandler</name>
         <load_address>0x422c</load_address>
         <readonly>true</readonly>
         <executable>true</executable>
         <run_address>0x422c</run_address>
         <size>0xac</size>
         <alignment>0x4</alignment>
         <input_file_ref idref="fl-6"/>
      </object_component>
      <object_component id="oc-f1">
         <name>.text.ArcInterface_init</name>
         <load_address>0x42d8</load_address>
         <readonly>true</readonly>
         <executable>true</executable>
         <run_address>0x42d8</run_address>
         <size>0xa8</size>
         <alignment>0x4</alignment>
         <input_file_ref idref="fl-1"/>
      </object_component>
      <object_component id="oc-1c5">
         <name>.text.Motor_setSigned</name>
         <load_address>0x4380</load_address>
         <readonly>true</readonly>
         <executable>true</executable>
         <run_address>0x4380</run_address>
         <size>0xa4</size>
         <alignment>0x4</alignment>
         <input_file_ref idref="fl-a"/>
      </object_component>
      <object_component id="oc-1d2">
         <name>.text.normalize360</name>
         <load_address>0x4424</load_address>
         <readonly>true</readonly>
         <executable>true</executable>
         <run_address>0x4424</run_address>
         <size>0xa4</size>
         <alignment>0x4</alignment>
         <input_file_ref idref="fl-c"/>
      </object_component>
      <object_component id="oc-212">
         <name>.text</name>
         <load_address>0x44c8</load_address>
         <readonly>true</readonly>
         <executable>true</executable>
         <run_address>0x44c8</run_address>
         <size>0x8c</size>
         <alignment>0x4</alignment>
         <input_file_ref idref="fl-148"/>
      </object_component>
      <object_component id="oc-189">
         <name>.text</name>
         <load_address>0x4554</load_address>
         <readonly>true</readonly>
         <executable>true</executable>
         <run_address>0x4554</run_address>
         <size>0x8c</size>
         <alignment>0x4</alignment>
         <input_file_ref idref="fl-13d"/>
      </object_component>
      <object_component id="oc-1a2">
         <name>.text</name>
         <load_address>0x45e0</load_address>
         <readonly>true</readonly>
         <executable>true</executable>
         <run_address>0x45e0</run_address>
         <size>0x82</size>
         <alignment>0x4</alignment>
         <input_file_ref idref="fl-13e"/>
      </object_component>
      <object_component id="oc-33">
         <name>.text.Default_Handler</name>
         <load_address>0x4662</load_address>
         <readonly>true</readonly>
         <executable>true</executable>
         <run_address>0x4662</run_address>
         <size>0x2</size>
         <alignment>0x2</alignment>
         <input_file_ref idref="fl-4"/>
      </object_component>
      <object_component id="oc-cf">
         <name>.text.SYSCFG_DL_GYRO_UART_init</name>
         <load_address>0x4664</load_address>
         <readonly>true</readonly>
         <executable>true</executable>
         <run_address>0x4664</run_address>
         <size>0x70</size>
         <alignment>0x4</alignment>
         <input_file_ref idref="fl-3"/>
      </object_component>
      <object_component id="oc-cc">
         <name>.text.SYSCFG_DL_PWM_LEFT_init</name>
         <load_address>0x46d4</load_address>
         <readonly>true</readonly>
         <executable>true</executable>
         <run_address>0x46d4</run_address>
         <size>0x70</size>
         <alignment>0x4</alignment>
         <input_file_ref idref="fl-3"/>
      </object_component>
      <object_component id="oc-e9">
         <name>.text.Gyro_init</name>
         <load_address>0x4744</load_address>
         <readonly>true</readonly>
         <executable>true</executable>
         <run_address>0x4744</run_address>
         <size>0x6c</size>
         <alignment>0x4</alignment>
         <input_file_ref idref="fl-6"/>
      </object_component>
      <object_component id="oc-1cc">
         <name>.text.Motor_setForward</name>
         <load_address>0x47b0</load_address>
         <readonly>true</readonly>
         <executable>true</executable>
         <run_address>0x47b0</run_address>
         <size>0x68</size>
         <alignment>0x4</alignment>
         <input_file_ref idref="fl-a"/>
      </object_component>
      <object_component id="oc-cd">
         <name>.text.SYSCFG_DL_PWM_RIGHT_init</name>
         <load_address>0x4818</load_address>
         <readonly>true</readonly>
         <executable>true</executable>
         <run_address>0x4818</run_address>
         <size>0x68</size>
         <alignment>0x4</alignment>
         <input_file_ref idref="fl-3"/>
      </object_component>
      <object_component id="oc-87">
         <name>.text.main</name>
         <load_address>0x4880</load_address>
         <readonly>true</readonly>
         <executable>true</executable>
         <run_address>0x4880</run_address>
         <size>0x68</size>
         <alignment>0x4</alignment>
         <input_file_ref idref="fl-2"/>
      </object_component>
      <object_component id="oc-a1">
         <name>.text.Mission_init</name>
         <load_address>0x48e8</load_address>
         <readonly>true</readonly>
         <executable>true</executable>
         <run_address>0x48e8</run_address>
         <size>0x5c</size>
         <alignment>0x4</alignment>
         <input_file_ref idref="fl-9"/>
      </object_component>
      <object_component id="oc-195">
         <name>.text</name>
         <load_address>0x4944</load_address>
         <readonly>true</readonly>
         <executable>true</executable>
         <run_address>0x4944</run_address>
         <size>0x5a</size>
         <alignment>0x4</alignment>
         <input_file_ref idref="fl-143"/>
      </object_component>
      <object_component id="oc-21b">
         <name>.text.__aeabi_idiv0</name>
         <load_address>0x499e</load_address>
         <readonly>true</readonly>
         <executable>true</executable>
         <run_address>0x499e</run_address>
         <size>0x2</size>
         <alignment>0x2</alignment>
         <input_file_ref idref="fl-14a"/>
      </object_component>
      <object_component id="oc-de">
         <name>.text.Motor_init</name>
         <load_address>0x49a0</load_address>
         <readonly>true</readonly>
         <executable>true</executable>
         <run_address>0x49a0</run_address>
         <size>0x58</size>
         <alignment>0x4</alignment>
         <input_file_ref idref="fl-a"/>
      </object_component>
      <object_component id="oc-1b3">
         <name>.text</name>
         <load_address>0x49f8</load_address>
         <readonly>true</readonly>
         <executable>true</executable>
         <run_address>0x49f8</run_address>
         <size>0x56</size>
         <alignment>0x4</alignment>
         <input_file_ref idref="fl-144"/>
      </object_component>
      <object_component id="oc-11a">
         <name>.text.Motor_brakeAll</name>
         <load_address>0x4a50</load_address>
         <readonly>true</readonly>
         <executable>true</executable>
         <run_address>0x4a50</run_address>
         <size>0x54</size>
         <alignment>0x4</alignment>
         <input_file_ref idref="fl-a"/>
      </object_component>
      <object_component id="oc-c8">
         <name>.text.SYSCFG_DL_initPower</name>
         <load_address>0x4aa4</load_address>
         <readonly>true</readonly>
         <executable>true</executable>
         <run_address>0x4aa4</run_address>
         <size>0x54</size>
         <alignment>0x4</alignment>
         <input_file_ref idref="fl-3"/>
      </object_component>
      <object_component id="oc-14d">
         <name>.text.DL_UART_init</name>
         <load_address>0x4af8</load_address>
         <readonly>true</readonly>
         <executable>true</executable>
         <run_address>0x4af8</run_address>
         <size>0x48</size>
         <alignment>0x4</alignment>
         <input_file_ref idref="fl-1e"/>
      </object_component>
      <object_component id="oc-e3">
         <name>.text.Encoder_init</name>
         <load_address>0x4b40</load_address>
         <readonly>true</readonly>
         <executable>true</executable>
         <run_address>0x4b40</run_address>
         <size>0x48</size>
         <alignment>0x4</alignment>
         <input_file_ref idref="fl-5"/>
      </object_component>
      <object_component id="oc-34">
         <name>.text.GROUP1_IRQHandler</name>
         <load_address>0x4b88</load_address>
         <readonly>true</readonly>
         <executable>true</executable>
         <run_address>0x4b88</run_address>
         <size>0x48</size>
         <alignment>0x4</alignment>
         <input_file_ref idref="fl-5"/>
      </object_component>
      <object_component id="oc-ca">
         <name>.text.SYSCFG_DL_SYSCTL_init</name>
         <load_address>0x4bd0</load_address>
         <readonly>true</readonly>
         <executable>true</executable>
         <run_address>0x4bd0</run_address>
         <size>0x40</size>
         <alignment>0x4</alignment>
         <input_file_ref idref="fl-3"/>
      </object_component>
      <object_component id="oc-1c8">
         <name>.text</name>
         <load_address>0x4c10</load_address>
         <readonly>true</readonly>
         <executable>true</executable>
         <run_address>0x4c10</run_address>
         <size>0x40</size>
         <alignment>0x4</alignment>
         <input_file_ref idref="fl-145"/>
      </object_component>
      <object_component id="oc-105">
         <name>.text.Gyro_captureCourseZero</name>
         <load_address>0x4c50</load_address>
         <readonly>true</readonly>
         <executable>true</executable>
         <run_address>0x4c50</run_address>
         <size>0x3c</size>
         <alignment>0x4</alignment>
         <input_file_ref idref="fl-6"/>
      </object_component>
      <object_component id="oc-100">
         <name>.text.Indicator_task1ms</name>
         <load_address>0x4c8c</load_address>
         <readonly>true</readonly>
         <executable>true</executable>
         <run_address>0x4c8c</run_address>
         <size>0x3c</size>
         <alignment>0x4</alignment>
         <input_file_ref idref="fl-7"/>
      </object_component>
      <object_component id="oc-102">
         <name>.text.Motor_coastAll</name>
         <load_address>0x4cc8</load_address>
         <readonly>true</readonly>
         <executable>true</executable>
         <run_address>0x4cc8</run_address>
         <size>0x3c</size>
         <alignment>0x4</alignment>
         <input_file_ref idref="fl-a"/>
      </object_component>
      <object_component id="oc-d3">
         <name>.text.TaskButtons_init</name>
         <load_address>0x4d04</load_address>
         <readonly>true</readonly>
         <executable>true</executable>
         <run_address>0x4d04</run_address>
         <size>0x3c</size>
         <alignment>0x4</alignment>
         <input_file_ref idref="fl-d"/>
      </object_component>
      <object_component id="oc-af">
         <name>.text:__TI_auto_init_nobinit_nopinit</name>
         <load_address>0x4d40</load_address>
         <readonly>true</readonly>
         <executable>true</executable>
         <run_address>0x4d40</run_address>
         <size>0x3c</size>
         <alignment>0x4</alignment>
         <input_file_ref idref="fl-3f"/>
      </object_component>
      <object_component id="oc-185">
         <name>.text</name>
         <load_address>0x4d7c</load_address>
         <readonly>true</readonly>
         <executable>true</executable>
         <run_address>0x4d7c</run_address>
         <size>0x3c</size>
         <alignment>0x4</alignment>
         <input_file_ref idref="fl-141"/>
      </object_component>
      <object_component id="oc-20c">
         <name>.text</name>
         <load_address>0x4db8</load_address>
         <readonly>true</readonly>
         <executable>true</executable>
         <run_address>0x4db8</run_address>
         <size>0x3a</size>
         <alignment>0x4</alignment>
         <input_file_ref idref="fl-149"/>
      </object_component>
      <object_component id="oc-19d">
         <name>.text</name>
         <load_address>0x4df4</load_address>
         <readonly>true</readonly>
         <executable>true</executable>
         <run_address>0x4df4</run_address>
         <size>0x38</size>
         <alignment>0x4</alignment>
         <input_file_ref idref="fl-13f"/>
      </object_component>
      <object_component id="oc-11c">
         <name>.text.ArcInterface_takeComplete</name>
         <load_address>0x4e2c</load_address>
         <readonly>true</readonly>
         <executable>true</executable>
         <run_address>0x4e2c</run_address>
         <size>0x34</size>
         <alignment>0x4</alignment>
         <input_file_ref idref="fl-1"/>
      </object_component>
      <object_component id="oc-1b7">
         <name>.text</name>
         <load_address>0x4e60</load_address>
         <readonly>true</readonly>
         <executable>true</executable>
         <run_address>0x4e60</run_address>
         <size>0x32</size>
         <alignment>0x4</alignment>
         <input_file_ref idref="fl-140"/>
      </object_component>
      <object_component id="oc-11b">
         <name>.text.Indicator_fault</name>
         <load_address>0x4e94</load_address>
         <readonly>true</readonly>
         <executable>true</executable>
         <run_address>0x4e94</run_address>
         <size>0x2c</size>
         <alignment>0x4</alignment>
         <input_file_ref idref="fl-7"/>
      </object_component>
      <object_component id="oc-11d">
         <name>.text.Indicator_finished</name>
         <load_address>0x4ec0</load_address>
         <readonly>true</readonly>
         <executable>true</executable>
         <run_address>0x4ec0</run_address>
         <size>0x2c</size>
         <alignment>0x4</alignment>
         <input_file_ref idref="fl-7"/>
      </object_component>
      <object_component id="oc-d9">
         <name>.text.Indicator_init</name>
         <load_address>0x4eec</load_address>
         <readonly>true</readonly>
         <executable>true</executable>
         <run_address>0x4eec</run_address>
         <size>0x2c</size>
         <alignment>0x4</alignment>
         <input_file_ref idref="fl-7"/>
      </object_component>
      <object_component id="oc-104">
         <name>.text.Indicator_start</name>
         <load_address>0x4f18</load_address>
         <readonly>true</readonly>
         <executable>true</executable>
         <run_address>0x4f18</run_address>
         <size>0x2c</size>
         <alignment>0x4</alignment>
         <input_file_ref idref="fl-7"/>
      </object_component>
      <object_component id="oc-ce">
         <name>.text.SYSCFG_DL_CONTROL_TIMER_init</name>
         <load_address>0x4f44</load_address>
         <readonly>true</readonly>
         <executable>true</executable>
         <run_address>0x4f44</run_address>
         <size>0x2c</size>
         <alignment>0x4</alignment>
         <input_file_ref idref="fl-3"/>
      </object_component>
      <object_component id="oc-9c">
         <name>.text.SYSCFG_DL_init</name>
         <load_address>0x4f70</load_address>
         <readonly>true</readonly>
         <executable>true</executable>
         <run_address>0x4f70</run_address>
         <size>0x2c</size>
         <alignment>0x4</alignment>
         <input_file_ref idref="fl-3"/>
      </object_component>
      <object_component id="oc-211">
         <name>.text.Encoder_reset</name>
         <load_address>0x4f9c</load_address>
         <readonly>true</readonly>
         <executable>true</executable>
         <run_address>0x4f9c</run_address>
         <size>0x28</size>
         <alignment>0x4</alignment>
         <input_file_ref idref="fl-5"/>
      </object_component>
      <object_component id="oc-5f">
         <name>.text:_c_int00_noargs</name>
         <load_address>0x4fc4</load_address>
         <readonly>true</readonly>
         <executable>true</executable>
         <run_address>0x4fc4</run_address>
         <size>0x28</size>
         <alignment>0x4</alignment>
         <input_file_ref idref="fl-3d"/>
      </object_component>
      <object_component id="oc-1ae">
         <name>.text</name>
         <load_address>0x4fec</load_address>
         <readonly>true</readonly>
         <executable>true</executable>
         <run_address>0x4fec</run_address>
         <size>0x28</size>
         <alignment>0x4</alignment>
         <input_file_ref idref="fl-142"/>
      </object_component>
      <object_component id="oc-1c7">
         <name>.text.Gyro_getRateDps</name>
         <load_address>0x5014</load_address>
         <readonly>true</readonly>
         <executable>true</executable>
         <run_address>0x5014</run_address>
         <size>0x24</size>
         <alignment>0x4</alignment>
         <input_file_ref idref="fl-6"/>
      </object_component>
      <object_component id="oc-1cf">
         <name>.text.Gyro_getYawDeg</name>
         <load_address>0x5038</load_address>
         <readonly>true</readonly>
         <executable>true</executable>
         <run_address>0x5038</run_address>
         <size>0x24</size>
         <alignment>0x4</alignment>
         <input_file_ref idref="fl-6"/>
      </object_component>
      <object_component id="oc-1a1">
         <name>.text.Gyro_isOnline</name>
         <load_address>0x505c</load_address>
         <readonly>true</readonly>
         <executable>true</executable>
         <run_address>0x505c</run_address>
         <size>0x24</size>
         <alignment>0x4</alignment>
         <input_file_ref idref="fl-6"/>
      </object_component>
      <object_component id="oc-1ce">
         <name>.text.Encoder_sample</name>
         <load_address>0x5080</load_address>
         <readonly>true</readonly>
         <executable>true</executable>
         <run_address>0x5080</run_address>
         <size>0x20</size>
         <alignment>0x4</alignment>
         <input_file_ref idref="fl-5"/>
      </object_component>
      <object_component id="oc-13e">
         <name>.text.DL_Timer_setCaptCompUpdateMethod</name>
         <load_address>0x50a0</load_address>
         <readonly>true</readonly>
         <executable>true</executable>
         <run_address>0x50a0</run_address>
         <size>0x1c</size>
         <alignment>0x4</alignment>
         <input_file_ref idref="fl-1d"/>
      </object_component>
      <object_component id="oc-136">
         <name>.text.DL_Timer_setClockConfig</name>
         <load_address>0x50bc</load_address>
         <readonly>true</readonly>
         <executable>true</executable>
         <run_address>0x50bc</run_address>
         <size>0x1c</size>
         <alignment>0x4</alignment>
         <input_file_ref idref="fl-1d"/>
      </object_component>
      <object_component id="oc-1a8">
         <name>.text.Encoder_getTotal</name>
         <load_address>0x50d8</load_address>
         <readonly>true</readonly>
         <executable>true</executable>
         <run_address>0x50d8</run_address>
         <size>0x1c</size>
         <alignment>0x4</alignment>
         <input_file_ref idref="fl-5"/>
      </object_component>
      <object_component id="oc-fe">
         <name>.text.Gyro_task1ms</name>
         <load_address>0x50f4</load_address>
         <readonly>true</readonly>
         <executable>true</executable>
         <run_address>0x50f4</run_address>
         <size>0x1c</size>
         <alignment>0x4</alignment>
         <input_file_ref idref="fl-6"/>
      </object_component>
      <object_component id="oc-e4">
         <name>.text.LineSensor_init</name>
         <load_address>0x5110</load_address>
         <readonly>true</readonly>
         <executable>true</executable>
         <run_address>0x5110</run_address>
         <size>0x1c</size>
         <alignment>0x4</alignment>
         <input_file_ref idref="fl-8"/>
      </object_component>
      <object_component id="oc-3f">
         <name>.text.TIMG12_IRQHandler</name>
         <load_address>0x512c</load_address>
         <readonly>true</readonly>
         <executable>true</executable>
         <run_address>0x512c</run_address>
         <size>0x1c</size>
         <alignment>0x4</alignment>
         <input_file_ref idref="fl-2"/>
      </object_component>
      <object_component id="oc-13d">
         <name>.text.DL_Timer_setCaptureCompareOutCtl</name>
         <load_address>0x5148</load_address>
         <readonly>true</readonly>
         <executable>true</executable>
         <run_address>0x5148</run_address>
         <size>0x18</size>
         <alignment>0x4</alignment>
         <input_file_ref idref="fl-1d"/>
      </object_component>
      <object_component id="oc-106">
         <name>.text.StraightControl_startQ1Test</name>
         <load_address>0x5160</load_address>
         <readonly>true</readonly>
         <executable>true</executable>
         <run_address>0x5160</run_address>
         <size>0x18</size>
         <alignment>0x4</alignment>
         <input_file_ref idref="fl-c"/>
      </object_component>
      <object_component id="oc-56">
         <name>.text:decompress:ZI:__TI_zero_init_nomemset</name>
         <load_address>0x5178</load_address>
         <readonly>true</readonly>
         <executable>true</executable>
         <run_address>0x5178</run_address>
         <size>0x16</size>
         <alignment>0x2</alignment>
         <input_file_ref idref="fl-42"/>
      </object_component>
      <object_component id="oc-111">
         <name>.text.ArcInterface_request</name>
         <load_address>0x518e</load_address>
         <readonly>true</readonly>
         <executable>true</executable>
         <run_address>0x518e</run_address>
         <size>0x14</size>
         <alignment>0x2</alignment>
         <input_file_ref idref="fl-1"/>
      </object_component>
      <object_component id="oc-11e">
         <name>.text.ArcInterface_requestFromDiagonal</name>
         <load_address>0x51a2</load_address>
         <readonly>true</readonly>
         <executable>true</executable>
         <run_address>0x51a2</run_address>
         <size>0x14</size>
         <alignment>0x2</alignment>
         <input_file_ref idref="fl-1"/>
      </object_component>
      <object_component id="oc-11f">
         <name>.text.ArcInterface_requestFromDiagonalNoExitAlign</name>
         <load_address>0x51b6</load_address>
         <readonly>true</readonly>
         <executable>true</executable>
         <run_address>0x51b6</run_address>
         <size>0x14</size>
         <alignment>0x2</alignment>
         <input_file_ref idref="fl-1"/>
      </object_component>
      <object_component id="oc-10d">
         <name>.text.ArcInterface_requestGrayPidTest</name>
         <load_address>0x51ca</load_address>
         <readonly>true</readonly>
         <executable>true</executable>
         <run_address>0x51ca</run_address>
         <size>0x14</size>
         <alignment>0x2</alignment>
         <input_file_ref idref="fl-1"/>
      </object_component>
      <object_component id="oc-147">
         <name>.text.DL_UART_setClockConfig</name>
         <load_address>0x51de</load_address>
         <readonly>true</readonly>
         <executable>true</executable>
         <run_address>0x51de</run_address>
         <size>0x12</size>
         <alignment>0x2</alignment>
         <input_file_ref idref="fl-1e"/>
      </object_component>
      <object_component id="oc-119">
         <name>.text.ArcInterface_hasFault</name>
         <load_address>0x51f0</load_address>
         <readonly>true</readonly>
         <executable>true</executable>
         <run_address>0x51f0</run_address>
         <size>0x10</size>
         <alignment>0x4</alignment>
         <input_file_ref idref="fl-1"/>
      </object_component>
      <object_component id="oc-13f">
         <name>.text.DL_Timer_setCaptureCompareValue</name>
         <load_address>0x5200</load_address>
         <readonly>true</readonly>
         <executable>true</executable>
         <run_address>0x5200</run_address>
         <size>0x10</size>
         <alignment>0x4</alignment>
         <input_file_ref idref="fl-1d"/>
      </object_component>
      <object_component id="oc-103">
         <name>.text.Motor_disable</name>
         <load_address>0x5210</load_address>
         <readonly>true</readonly>
         <executable>true</executable>
         <run_address>0x5210</run_address>
         <size>0x10</size>
         <alignment>0x4</alignment>
         <input_file_ref idref="fl-a"/>
      </object_component>
      <object_component id="oc-1f8">
         <name>.text.Motor_enable</name>
         <load_address>0x5220</load_address>
         <readonly>true</readonly>
         <executable>true</executable>
         <run_address>0x5220</run_address>
         <size>0x10</size>
         <alignment>0x4</alignment>
         <input_file_ref idref="fl-a"/>
      </object_component>
      <object_component id="oc-1c6">
         <name>.text.Gyro_hasRate</name>
         <load_address>0x5230</load_address>
         <readonly>true</readonly>
         <executable>true</executable>
         <run_address>0x5230</run_address>
         <size>0xc</size>
         <alignment>0x4</alignment>
         <input_file_ref idref="fl-6"/>
      </object_component>
      <object_component id="oc-193">
         <name>.text.Gyro_hasYaw</name>
         <load_address>0x523c</load_address>
         <readonly>true</readonly>
         <executable>true</executable>
         <run_address>0x523c</run_address>
         <size>0xc</size>
         <alignment>0x4</alignment>
         <input_file_ref idref="fl-6"/>
      </object_component>
      <object_component id="oc-118">
         <name>.text.StraightControl_startAbsolute</name>
         <load_address>0x5248</load_address>
         <readonly>true</readonly>
         <executable>true</executable>
         <run_address>0x5248</run_address>
         <size>0xc</size>
         <alignment>0x2</alignment>
         <input_file_ref idref="fl-c"/>
      </object_component>
      <object_component id="oc-132">
         <name>.text.DL_Common_delayCycles</name>
         <load_address>0x5254</load_address>
         <readonly>true</readonly>
         <executable>true</executable>
         <run_address>0x5254</run_address>
         <size>0xa</size>
         <alignment>0x2</alignment>
         <input_file_ref idref="fl-1c"/>
      </object_component>
      <object_component id="oc-237">
         <name>.text.OUTLINED_FUNCTION_0</name>
         <load_address>0x525e</load_address>
         <readonly>true</readonly>
         <executable>true</executable>
         <run_address>0x525e</run_address>
         <size>0x6</size>
         <alignment>0x2</alignment>
         <input_file_ref idref="fl-3c"/>
      </object_component>
      <object_component id="oc-27f">
         <name>.tramp.__aeabi_fdiv.1</name>
         <load_address>0x5264</load_address>
         <readonly>true</readonly>
         <executable>true</executable>
         <run_address>0x5264</run_address>
         <size>0x10</size>
         <alignment>0x4</alignment>
         <input_file_ref idref="fl-13e"/>
      </object_component>
      <object_component id="oc-a8">
         <name>.text:abort</name>
         <load_address>0x5274</load_address>
         <readonly>true</readonly>
         <executable>true</executable>
         <run_address>0x5274</run_address>
         <size>0x6</size>
         <alignment>0x2</alignment>
         <input_file_ref idref="fl-45"/>
      </object_component>
      <object_component id="oc-121">
         <name>.text.HOSTexit</name>
         <load_address>0x527a</load_address>
         <readonly>true</readonly>
         <executable>true</executable>
         <run_address>0x527a</run_address>
         <size>0x4</size>
         <alignment>0x2</alignment>
         <input_file_ref idref="fl-13b"/>
      </object_component>
      <object_component id="oc-236">
         <name>.text.OUTLINED_FUNCTION_1</name>
         <load_address>0x527e</load_address>
         <readonly>true</readonly>
         <executable>true</executable>
         <run_address>0x527e</run_address>
         <size>0x4</size>
         <alignment>0x2</alignment>
         <input_file_ref idref="fl-3c"/>
      </object_component>
      <object_component id="oc-280">
         <name>.tramp.__aeabi_fadd.1</name>
         <load_address>0x5284</load_address>
         <readonly>true</readonly>
         <executable>true</executable>
         <run_address>0x5284</run_address>
         <size>0x10</size>
         <alignment>0x4</alignment>
         <input_file_ref idref="fl-13c"/>
      </object_component>
      <object_component id="oc-2f">
         <name>.text.Reset_Handler</name>
         <load_address>0x5294</load_address>
         <readonly>true</readonly>
         <executable>true</executable>
         <run_address>0x5294</run_address>
         <size>0x4</size>
         <alignment>0x2</alignment>
         <input_file_ref idref="fl-4"/>
      </object_component>
      <object_component id="oc-83">
         <name>.text._system_pre_init</name>
         <load_address>0x5298</load_address>
         <readonly>true</readonly>
         <executable>true</executable>
         <run_address>0x5298</run_address>
         <size>0x4</size>
         <alignment>0x2</alignment>
         <input_file_ref idref="fl-40"/>
      </object_component>
      <object_component id="oc-27c">
         <name>.cinit..bss.load</name>
         <load_address>0x53a0</load_address>
         <readonly>true</readonly>
         <run_address>0x53a0</run_address>
         <size>0x8</size>
         <alignment>0x4</alignment>
      </object_component>
      <object_component id="oc-27a">
         <name>__TI_handler_table</name>
         <load_address>0x53a8</load_address>
         <readonly>true</readonly>
         <run_address>0x53a8</run_address>
         <size>0x4</size>
         <alignment>0x4</alignment>
      </object_component>
      <object_component id="oc-27b">
         <name>__TI_cinit_table</name>
         <load_address>0x53ac</load_address>
         <readonly>true</readonly>
         <run_address>0x53ac</run_address>
         <size>0x8</size>
         <alignment>0x4</alignment>
      </object_component>
      <object_component id="oc-227">
         <name>.rodata.transitionAngle.arcFraction</name>
         <load_address>0x52a0</load_address>
         <readonly>true</readonly>
         <run_address>0x52a0</run_address>
         <size>0x44</size>
         <alignment>0x4</alignment>
         <input_file_ref idref="fl-c"/>
      </object_component>
      <object_component id="oc-17c">
         <name>.rodata.glyph.digits</name>
         <load_address>0x52e4</load_address>
         <readonly>true</readonly>
         <run_address>0x52e4</run_address>
         <size>0x32</size>
         <alignment>0x1</alignment>
         <input_file_ref idref="fl-b"/>
      </object_component>
      <object_component id="oc-14e">
         <name>.rodata.gGYRO_UARTClockConfig</name>
         <load_address>0x5316</load_address>
         <readonly>true</readonly>
         <run_address>0x5316</run_address>
         <size>0x2</size>
         <alignment>0x1</alignment>
         <input_file_ref idref="fl-3"/>
      </object_component>
      <object_component id="oc-238">
         <name>.rodata.cst16</name>
         <load_address>0x5318</load_address>
         <readonly>true</readonly>
         <run_address>0x5318</run_address>
         <size>0x20</size>
         <alignment>0x4</alignment>
         <input_file_ref idref="fl-3c"/>
      </object_component>
      <object_component id="oc-146">
         <name>.rodata.gCONTROL_TIMERTimerConfig</name>
         <load_address>0x5338</load_address>
         <readonly>true</readonly>
         <run_address>0x5338</run_address>
         <size>0x14</size>
         <alignment>0x4</alignment>
         <input_file_ref idref="fl-3"/>
      </object_component>
      <object_component id="oc-14f">
         <name>.rodata.gGYRO_UARTConfig</name>
         <load_address>0x534c</load_address>
         <readonly>true</readonly>
         <run_address>0x534c</run_address>
         <size>0xa</size>
         <alignment>0x2</alignment>
         <input_file_ref idref="fl-3"/>
      </object_component>
      <object_component id="oc-141">
         <name>.rodata.gPWM_LEFTConfig</name>
         <load_address>0x5358</load_address>
         <readonly>true</readonly>
         <run_address>0x5358</run_address>
         <size>0x8</size>
         <alignment>0x4</alignment>
         <input_file_ref idref="fl-3"/>
      </object_component>
      <object_component id="oc-143">
         <name>.rodata.gPWM_RIGHTConfig</name>
         <load_address>0x5360</load_address>
         <readonly>true</readonly>
         <run_address>0x5360</run_address>
         <size>0x8</size>
         <alignment>0x4</alignment>
         <input_file_ref idref="fl-3"/>
      </object_component>
      <object_component id="oc-183">
         <name>.rodata.glyph.a</name>
         <load_address>0x5368</load_address>
         <readonly>true</readonly>
         <run_address>0x5368</run_address>
         <size>0x5</size>
         <alignment>0x1</alignment>
         <input_file_ref idref="fl-b"/>
      </object_component>
      <object_component id="oc-180">
         <name>.rodata.glyph.colon</name>
         <load_address>0x536d</load_address>
         <readonly>true</readonly>
         <run_address>0x536d</run_address>
         <size>0x5</size>
         <alignment>0x1</alignment>
         <input_file_ref idref="fl-b"/>
      </object_component>
      <object_component id="oc-17e">
         <name>.rodata.glyph.dot</name>
         <load_address>0x5372</load_address>
         <readonly>true</readonly>
         <run_address>0x5372</run_address>
         <size>0x5</size>
         <alignment>0x1</alignment>
         <input_file_ref idref="fl-b"/>
      </object_component>
      <object_component id="oc-17f">
         <name>.rodata.glyph.minus</name>
         <load_address>0x5377</load_address>
         <readonly>true</readonly>
         <run_address>0x5377</run_address>
         <size>0x5</size>
         <alignment>0x1</alignment>
         <input_file_ref idref="fl-b"/>
      </object_component>
      <object_component id="oc-181">
         <name>.rodata.glyph.s</name>
         <load_address>0x537c</load_address>
         <readonly>true</readonly>
         <run_address>0x537c</run_address>
         <size>0x5</size>
         <alignment>0x1</alignment>
         <input_file_ref idref="fl-b"/>
      </object_component>
      <object_component id="oc-184">
         <name>.rodata.glyph.space</name>
         <load_address>0x5381</load_address>
         <readonly>true</readonly>
         <run_address>0x5381</run_address>
         <size>0x5</size>
         <alignment>0x1</alignment>
         <input_file_ref idref="fl-b"/>
      </object_component>
      <object_component id="oc-182">
         <name>.rodata.glyph.w</name>
         <load_address>0x5386</load_address>
         <readonly>true</readonly>
         <run_address>0x5386</run_address>
         <size>0x5</size>
         <alignment>0x1</alignment>
         <input_file_ref idref="fl-b"/>
      </object_component>
      <object_component id="oc-17d">
         <name>.rodata.glyph.y</name>
         <load_address>0x538b</load_address>
         <readonly>true</readonly>
         <run_address>0x538b</run_address>
         <size>0x5</size>
         <alignment>0x1</alignment>
         <input_file_ref idref="fl-b"/>
      </object_component>
      <object_component id="oc-145">
         <name>.rodata.gCONTROL_TIMERClockConfig</name>
         <load_address>0x5390</load_address>
         <readonly>true</readonly>
         <run_address>0x5390</run_address>
         <size>0x3</size>
         <alignment>0x1</alignment>
         <input_file_ref idref="fl-3"/>
      </object_component>
      <object_component id="oc-140">
         <name>.rodata.gPWM_LEFTClockConfig</name>
         <load_address>0x5393</load_address>
         <readonly>true</readonly>
         <run_address>0x5393</run_address>
         <size>0x3</size>
         <alignment>0x1</alignment>
         <input_file_ref idref="fl-3"/>
      </object_component>
      <object_component id="oc-142">
         <name>.rodata.gPWM_RIGHTClockConfig</name>
         <load_address>0x5396</load_address>
         <readonly>true</readonly>
         <run_address>0x5396</run_address>
         <size>0x3</size>
         <alignment>0x1</alignment>
         <input_file_ref idref="fl-3"/>
      </object_component>
      <object_component id="oc-244">
         <name>.binit</name>
         <load_address>0x0</load_address>
         <readonly>true</readonly>
         <run_address>0x0</run_address>
         <size>0x0</size>
         <alignment>0x4</alignment>
      </object_component>
      <object_component id="oc-165">
         <name>.bss.gRequest</name>
         <uninitialized>true</uninitialized>
         <readwrite>true</readwrite>
         <run_address>0x202001b1</run_address>
         <size>0x1</size>
         <alignment>0x1</alignment>
         <input_file_ref idref="fl-1"/>
      </object_component>
      <object_component id="oc-166">
         <name>.bss.gStatus</name>
         <uninitialized>true</uninitialized>
         <readwrite>true</readwrite>
         <run_address>0x202001b3</run_address>
         <size>0x1</size>
         <alignment>0x1</alignment>
         <input_file_ref idref="fl-1"/>
      </object_component>
      <object_component id="oc-167">
         <name>.bss.gComplete</name>
         <uninitialized>true</uninitialized>
         <readwrite>true</readwrite>
         <run_address>0x2020019d</run_address>
         <size>0x1</size>
         <alignment>0x1</alignment>
         <input_file_ref idref="fl-1"/>
      </object_component>
      <object_component id="oc-168">
         <name>.bss.gSteepEntry</name>
         <uninitialized>true</uninitialized>
         <readwrite>true</readwrite>
         <run_address>0x202001b4</run_address>
         <size>0x1</size>
         <alignment>0x1</alignment>
         <input_file_ref idref="fl-1"/>
      </object_component>
      <object_component id="oc-169">
         <name>.bss.gSkipExitAlign</name>
         <uninitialized>true</uninitialized>
         <readwrite>true</readwrite>
         <run_address>0x202001b2</run_address>
         <size>0x1</size>
         <alignment>0x1</alignment>
         <input_file_ref idref="fl-1"/>
      </object_component>
      <object_component id="oc-16a">
         <name>.bss.gAlignCaptured</name>
         <uninitialized>true</uninitialized>
         <readwrite>true</readwrite>
         <run_address>0x2020019c</run_address>
         <size>0x1</size>
         <alignment>0x1</alignment>
         <input_file_ref idref="fl-1"/>
      </object_component>
      <object_component id="oc-16b">
         <name>.bss.gGrayOnlyTest</name>
         <uninitialized>true</uninitialized>
         <readwrite>true</readwrite>
         <run_address>0x202001a7</run_address>
         <size>0x1</size>
         <alignment>0x1</alignment>
         <input_file_ref idref="fl-1"/>
      </object_component>
      <object_component id="oc-16c">
         <name>.bss.gYawAssist</name>
         <uninitialized>true</uninitialized>
         <readwrite>true</readwrite>
         <run_address>0x202001b8</run_address>
         <size>0x1</size>
         <alignment>0x1</alignment>
         <input_file_ref idref="fl-1"/>
      </object_component>
      <object_component id="oc-1a6">
         <name>.bss.gElapsedMs</name>
         <uninitialized>true</uninitialized>
         <readwrite>true</readwrite>
         <run_address>0x2020017c</run_address>
         <size>0x2</size>
         <alignment>0x2</alignment>
         <input_file_ref idref="fl-1"/>
      </object_component>
      <object_component id="oc-1a7">
         <name>.bss.gStateElapsedMs</name>
         <uninitialized>true</uninitialized>
         <readwrite>true</readwrite>
         <run_address>0x20200188</run_address>
         <size>0x2</size>
         <alignment>0x2</alignment>
         <input_file_ref idref="fl-1"/>
      </object_component>
      <object_component id="oc-1a9">
         <name>.bss.gPeriodMs</name>
         <uninitialized>true</uninitialized>
         <readwrite>true</readwrite>
         <run_address>0x202001af</run_address>
         <size>0x1</size>
         <alignment>0x1</alignment>
         <input_file_ref idref="fl-1"/>
      </object_component>
      <object_component id="oc-1c1">
         <name>.bss.gAcquireStableMs</name>
         <uninitialized>true</uninitialized>
         <readwrite>true</readwrite>
         <run_address>0x202000e2</run_address>
         <size>0x2</size>
         <alignment>0x2</alignment>
         <input_file_ref idref="fl-1"/>
      </object_component>
      <object_component id="oc-1bd">
         <name>.bss.gLostMs</name>
         <uninitialized>true</uninitialized>
         <readwrite>true</readwrite>
         <run_address>0x20200182</run_address>
         <size>0x2</size>
         <alignment>0x2</alignment>
         <input_file_ref idref="fl-1"/>
      </object_component>
      <object_component id="oc-1cd">
         <name>.bss.gAlignStableMs</name>
         <uninitialized>true</uninitialized>
         <readwrite>true</readwrite>
         <run_address>0x20200174</run_address>
         <size>0x2</size>
         <alignment>0x2</alignment>
         <input_file_ref idref="fl-1"/>
      </object_component>
      <object_component id="oc-1be">
         <name>.bss.gLastLineError</name>
         <uninitialized>true</uninitialized>
         <readwrite>true</readwrite>
         <run_address>0x20200180</run_address>
         <size>0x2</size>
         <alignment>0x2</alignment>
         <input_file_ref idref="fl-1"/>
      </object_component>
      <object_component id="oc-1c3">
         <name>.bss.gLastSearchSign</name>
         <uninitialized>true</uninitialized>
         <readwrite>true</readwrite>
         <run_address>0x202001ad</run_address>
         <size>0x1</size>
         <alignment>0x1</alignment>
         <input_file_ref idref="fl-1"/>
      </object_component>
      <object_component id="oc-1c2">
         <name>.bss.gLineIntegral</name>
         <uninitialized>true</uninitialized>
         <readwrite>true</readwrite>
         <run_address>0x2020011c</run_address>
         <size>0x4</size>
         <alignment>0x4</alignment>
         <input_file_ref idref="fl-1"/>
      </object_component>
      <object_component id="oc-1bf">
         <name>.bss.gFilteredDerivative</name>
         <uninitialized>true</uninitialized>
         <readwrite>true</readwrite>
         <run_address>0x202000fc</run_address>
         <size>0x4</size>
         <alignment>0x4</alignment>
         <input_file_ref idref="fl-1"/>
      </object_component>
      <object_component id="oc-1c0">
         <name>.bss.gAppliedCorrection</name>
         <uninitialized>true</uninitialized>
         <readwrite>true</readwrite>
         <run_address>0x202000e8</run_address>
         <size>0x4</size>
         <alignment>0x4</alignment>
         <input_file_ref idref="fl-1"/>
      </object_component>
      <object_component id="oc-1c4">
         <name>.bss.gLastHeadingError</name>
         <uninitialized>true</uninitialized>
         <readwrite>true</readwrite>
         <run_address>0x2020010c</run_address>
         <size>0x4</size>
         <alignment>0x4</alignment>
         <input_file_ref idref="fl-1"/>
      </object_component>
      <object_component id="oc-1bc">
         <name>.bss.gFinishArmPulses</name>
         <uninitialized>true</uninitialized>
         <readwrite>true</readwrite>
         <run_address>0x20200104</run_address>
         <size>0x4</size>
         <alignment>0x4</alignment>
         <input_file_ref idref="fl-1"/>
      </object_component>
      <object_component id="oc-1ad">
         <name>.bss.gArcTargetPulses</name>
         <uninitialized>true</uninitialized>
         <readwrite>true</readwrite>
         <run_address>0x202001a0</run_address>
         <size>0x1</size>
         <alignment>0x4</alignment>
         <input_file_ref idref="fl-1"/>
      </object_component>
      <object_component id="oc-1bb">
         <name>.bss.gDirection</name>
         <uninitialized>true</uninitialized>
         <readwrite>true</readwrite>
         <run_address>0x202001a2</run_address>
         <size>0x1</size>
         <alignment>0x1</alignment>
         <input_file_ref idref="fl-1"/>
      </object_component>
      <object_component id="oc-1ab">
         <name>.bss.gLastYaw</name>
         <uninitialized>true</uninitialized>
         <readwrite>true</readwrite>
         <run_address>0x20200110</run_address>
         <size>0x4</size>
         <alignment>0x4</alignment>
         <input_file_ref idref="fl-1"/>
      </object_component>
      <object_component id="oc-1ac">
         <name>.bss.gStartAveragePulses</name>
         <uninitialized>true</uninitialized>
         <readwrite>true</readwrite>
         <run_address>0x20200128</run_address>
         <size>0x4</size>
         <alignment>0x4</alignment>
         <input_file_ref idref="fl-1"/>
      </object_component>
      <object_component id="oc-1aa">
         <name>.bss.gLastAlignError</name>
         <uninitialized>true</uninitialized>
         <readwrite>true</readwrite>
         <run_address>0x20200108</run_address>
         <size>0x4</size>
         <alignment>0x4</alignment>
         <input_file_ref idref="fl-1"/>
      </object_component>
      <object_component id="oc-78">
         <name>.bss.gTask1msPending</name>
         <uninitialized>true</uninitialized>
         <readwrite>true</readwrite>
         <run_address>0x202001b5</run_address>
         <size>0x1</size>
         <alignment>0x1</alignment>
         <input_file_ref idref="fl-2"/>
      </object_component>
      <object_component id="oc-67">
         <name>.bss.gLeftPulses</name>
         <uninitialized>true</uninitialized>
         <readwrite>true</readwrite>
         <run_address>0x20200114</run_address>
         <size>0x4</size>
         <alignment>0x4</alignment>
         <input_file_ref idref="fl-5"/>
      </object_component>
      <object_component id="oc-69">
         <name>.bss.gRightPulses</name>
         <uninitialized>true</uninitialized>
         <readwrite>true</readwrite>
         <run_address>0x20200120</run_address>
         <size>0x4</size>
         <alignment>0x4</alignment>
         <input_file_ref idref="fl-5"/>
      </object_component>
      <object_component id="oc-66">
         <name>.bss.gLeftTotal</name>
         <uninitialized>true</uninitialized>
         <readwrite>true</readwrite>
         <run_address>0x20200118</run_address>
         <size>0x4</size>
         <alignment>0x4</alignment>
         <input_file_ref idref="fl-5"/>
      </object_component>
      <object_component id="oc-68">
         <name>.bss.gRightTotal</name>
         <uninitialized>true</uninitialized>
         <readwrite>true</readwrite>
         <run_address>0x20200124</run_address>
         <size>0x4</size>
         <alignment>0x4</alignment>
         <input_file_ref idref="fl-5"/>
      </object_component>
      <object_component id="oc-72">
         <name>.bss.gHasYaw</name>
         <uninitialized>true</uninitialized>
         <readwrite>true</readwrite>
         <run_address>0x202001a9</run_address>
         <size>0x1</size>
         <alignment>0x1</alignment>
         <input_file_ref idref="fl-6"/>
      </object_component>
      <object_component id="oc-70">
         <name>.bss.gHasRate</name>
         <uninitialized>true</uninitialized>
         <readwrite>true</readwrite>
         <run_address>0x202001a8</run_address>
         <size>0x1</size>
         <alignment>0x1</alignment>
         <input_file_ref idref="fl-6"/>
      </object_component>
      <object_component id="oc-6d">
         <name>.bss.gFrameIndex</name>
         <uninitialized>true</uninitialized>
         <readwrite>true</readwrite>
         <run_address>0x202001a6</run_address>
         <size>0x1</size>
         <alignment>0x1</alignment>
         <input_file_ref idref="fl-6"/>
      </object_component>
      <object_component id="oc-6e">
         <name>.bss.gFrame</name>
         <uninitialized>true</uninitialized>
         <readwrite>true</readwrite>
         <run_address>0x202000dc</run_address>
         <size>0x5</size>
         <alignment>0x1</alignment>
         <input_file_ref idref="fl-6"/>
      </object_component>
      <object_component id="oc-153">
         <name>.bss.gBuzzerRemainMs</name>
         <uninitialized>true</uninitialized>
         <readwrite>true</readwrite>
         <run_address>0x2020017a</run_address>
         <size>0x2</size>
         <alignment>0x2</alignment>
         <input_file_ref idref="fl-7"/>
      </object_component>
      <object_component id="oc-154">
         <name>.bss.gKeepLedOn</name>
         <uninitialized>true</uninitialized>
         <readwrite>true</readwrite>
         <run_address>0x202001ac</run_address>
         <size>0x1</size>
         <alignment>0x1</alignment>
         <input_file_ref idref="fl-7"/>
      </object_component>
      <object_component id="oc-fb">
         <name>.bss.gBrakeMs</name>
         <uninitialized>true</uninitialized>
         <readwrite>true</readwrite>
         <run_address>0x20200178</run_address>
         <size>0x2</size>
         <alignment>0x2</alignment>
         <input_file_ref idref="fl-9"/>
      </object_component>
      <object_component id="oc-15f">
         <name>.bss.gPresent</name>
         <uninitialized>true</uninitialized>
         <readwrite>true</readwrite>
         <run_address>0x202001b0</run_address>
         <size>0x1</size>
         <alignment>0x1</alignment>
         <input_file_ref idref="fl-b"/>
      </object_component>
      <object_component id="oc-160">
         <name>.bss.gRefreshMs</name>
         <uninitialized>true</uninitialized>
         <readwrite>true</readwrite>
         <run_address>0x20200184</run_address>
         <size>0x2</size>
         <alignment>0x2</alignment>
         <input_file_ref idref="fl-b"/>
      </object_component>
      <object_component id="oc-161">
         <name>.bss.gDisplayIndex</name>
         <uninitialized>true</uninitialized>
         <readwrite>true</readwrite>
         <run_address>0x202001a3</run_address>
         <size>0x1</size>
         <alignment>0x1</alignment>
         <input_file_ref idref="fl-b"/>
      </object_component>
      <object_component id="oc-162">
         <name>.bss.gDisplayUpdating</name>
         <uninitialized>true</uninitialized>
         <readwrite>true</readwrite>
         <run_address>0x202001a4</run_address>
         <size>0x1</size>
         <alignment>0x1</alignment>
         <input_file_ref idref="fl-b"/>
      </object_component>
      <object_component id="oc-17b">
         <name>.bss.gDisplayText</name>
         <uninitialized>true</uninitialized>
         <readwrite>true</readwrite>
         <run_address>0x202000bc</run_address>
         <size>0x10</size>
         <alignment>0x1</alignment>
         <input_file_ref idref="fl-b"/>
      </object_component>
      <object_component id="oc-18f">
         <name>.bss.gUseQ1Speed</name>
         <uninitialized>true</uninitialized>
         <readwrite>true</readwrite>
         <run_address>0x202001b7</run_address>
         <size>0x1</size>
         <alignment>0x1</alignment>
         <input_file_ref idref="fl-c"/>
      </object_component>
      <object_component id="oc-1d6">
         <name>.bss.gCurveDirection</name>
         <uninitialized>true</uninitialized>
         <readwrite>true</readwrite>
         <run_address>0x2020019f</run_address>
         <size>0x1</size>
         <alignment>0x1</alignment>
         <input_file_ref idref="fl-c"/>
      </object_component>
      <object_component id="oc-1e0">
         <name>.bss.gCurveStartRawYaw</name>
         <uninitialized>true</uninitialized>
         <readwrite>true</readwrite>
         <run_address>0x202000f0</run_address>
         <size>0x4</size>
         <alignment>0x4</alignment>
         <input_file_ref idref="fl-c"/>
      </object_component>
      <object_component id="oc-1e2">
         <name>.bss.gCurveRawToCourseSign</name>
         <uninitialized>true</uninitialized>
         <readwrite>true</readwrite>
         <run_address>0x202001a1</run_address>
         <size>0x1</size>
         <alignment>0x1</alignment>
         <input_file_ref idref="fl-c"/>
      </object_component>
      <object_component id="oc-1d3">
         <name>.bss.gElapsedMs</name>
         <uninitialized>true</uninitialized>
         <readwrite>true</readwrite>
         <run_address>0x202000f4</run_address>
         <size>0x4</size>
         <alignment>0x4</alignment>
         <input_file_ref idref="fl-c"/>
      </object_component>
      <object_component id="oc-1d9">
         <name>.bss.gLineDivider</name>
         <uninitialized>true</uninitialized>
         <readwrite>true</readwrite>
         <run_address>0x202001ae</run_address>
         <size>0x1</size>
         <alignment>0x1</alignment>
         <input_file_ref idref="fl-c"/>
      </object_component>
      <object_component id="oc-1db">
         <name>.bss.gEndpointArmed</name>
         <uninitialized>true</uninitialized>
         <readwrite>true</readwrite>
         <run_address>0x202001a5</run_address>
         <size>0x1</size>
         <alignment>0x1</alignment>
         <input_file_ref idref="fl-c"/>
      </object_component>
      <object_component id="oc-1dc">
         <name>.bss.gWhiteMs</name>
         <uninitialized>true</uninitialized>
         <readwrite>true</readwrite>
         <run_address>0x2020018a</run_address>
         <size>0x2</size>
         <alignment>0x2</alignment>
         <input_file_ref idref="fl-c"/>
      </object_component>
      <object_component id="oc-1dd">
         <name>.bss.gBlackMs</name>
         <uninitialized>true</uninitialized>
         <readwrite>true</readwrite>
         <run_address>0x20200176</run_address>
         <size>0x2</size>
         <alignment>0x2</alignment>
         <input_file_ref idref="fl-c"/>
      </object_component>
      <object_component id="oc-1de">
         <name>.bss.gControlDivider</name>
         <uninitialized>true</uninitialized>
         <readwrite>true</readwrite>
         <run_address>0x2020019e</run_address>
         <size>0x1</size>
         <alignment>0x1</alignment>
         <input_file_ref idref="fl-c"/>
      </object_component>
      <object_component id="oc-1df">
         <name>.bss.gEncoderIntegral</name>
         <uninitialized>true</uninitialized>
         <readwrite>true</readwrite>
         <run_address>0x202000f8</run_address>
         <size>0x4</size>
         <alignment>0x4</alignment>
         <input_file_ref idref="fl-c"/>
      </object_component>
      <object_component id="oc-1e5">
         <name>.bss.gFilteredYawError</name>
         <uninitialized>true</uninitialized>
         <readwrite>true</readwrite>
         <run_address>0x20200100</run_address>
         <size>0x4</size>
         <alignment>0x4</alignment>
         <input_file_ref idref="fl-c"/>
      </object_component>
      <object_component id="oc-1e6">
         <name>.bss.gUseAbsoluteYaw</name>
         <uninitialized>true</uninitialized>
         <readwrite>true</readwrite>
         <run_address>0x202001b6</run_address>
         <size>0x1</size>
         <alignment>0x1</alignment>
         <input_file_ref idref="fl-c"/>
      </object_component>
      <object_component id="oc-1e7">
         <name>.bss.gTargetYaw</name>
         <uninitialized>true</uninitialized>
         <readwrite>true</readwrite>
         <run_address>0x20200130</run_address>
         <size>0x4</size>
         <alignment>0x4</alignment>
         <input_file_ref idref="fl-c"/>
      </object_component>
      <object_component id="oc-1e8">
         <name>.bss.gAppliedCorrection</name>
         <uninitialized>true</uninitialized>
         <readwrite>true</readwrite>
         <run_address>0x202000ec</run_address>
         <size>0x4</size>
         <alignment>0x4</alignment>
         <input_file_ref idref="fl-c"/>
      </object_component>
      <object_component id="oc-150">
         <name>.bss.gKeys</name>
         <uninitialized>true</uninitialized>
         <readwrite>true</readwrite>
[...]
         <object_component_ref idref="oc-33"/>
      </symbol>
      <symbol id="sm-10e">
         <name>AES_IRQHandler</name>
         <value>0x4663</value>
         <object_component_ref idref="oc-33"/>
      </symbol>
      <symbol id="sm-10f">
         <name>RTC_IRQHandler</name>
         <value>0x4663</value>
         <object_component_ref idref="oc-33"/>
      </symbol>
      <symbol id="sm-110">
         <name>DMA_IRQHandler</name>
         <value>0x4663</value>
         <object_component_ref idref="oc-33"/>
      </symbol>
      <symbol id="sm-12f">
         <name>Encoder_init</name>
         <value>0x4b41</value>
         <object_component_ref idref="oc-e3"/>
      </symbol>
      <symbol id="sm-130">
         <name>Encoder_reset</name>
         <value>0x4f9d</value>
         <object_component_ref idref="oc-211"/>
      </symbol>
      <symbol id="sm-131">
         <name>Encoder_getTotal</name>
         <value>0x50d9</value>
         <object_component_ref idref="oc-1a8"/>
      </symbol>
      <symbol id="sm-132">
         <name>Encoder_sample</name>
         <value>0x5081</value>
         <object_component_ref idref="oc-1ce"/>
      </symbol>
      <symbol id="sm-133">
         <name>GROUP1_IRQHandler</name>
         <value>0x4b89</value>
         <object_component_ref idref="oc-34"/>
      </symbol>
      <symbol id="sm-164">
         <name>Gyro_init</name>
         <value>0x4745</value>
         <object_component_ref idref="oc-e9"/>
      </symbol>
      <symbol id="sm-165">
         <name>gGyroRawYaw</name>
         <value>0x20200198</value>
      </symbol>
      <symbol id="sm-166">
         <name>gGyroRawRate</name>
         <value>0x20200196</value>
      </symbol>
      <symbol id="sm-167">
         <name>gGyroValidFrameCount</name>
         <value>0x20200154</value>
      </symbol>
      <symbol id="sm-168">
         <name>gGyroChecksumErrorCount</name>
         <value>0x2020014c</value>
      </symbol>
      <symbol id="sm-169">
         <name>gGyroAgeMs</name>
         <value>0x20200194</value>
      </symbol>
      <symbol id="sm-16a">
         <name>Gyro_task1ms</name>
         <value>0x50f5</value>
         <object_component_ref idref="oc-fe"/>
      </symbol>
      <symbol id="sm-16b">
         <name>Gyro_setOutputRate100Hz</name>
         <value>0x3c55</value>
         <object_component_ref idref="oc-ea"/>
      </symbol>
      <symbol id="sm-16c">
         <name>Gyro_isOnline</name>
         <value>0x505d</value>
         <object_component_ref idref="oc-1a1"/>
      </symbol>
      <symbol id="sm-16d">
         <name>Gyro_hasYaw</name>
         <value>0x523d</value>
         <object_component_ref idref="oc-193"/>
      </symbol>
      <symbol id="sm-16e">
         <name>Gyro_hasRate</name>
         <value>0x5231</value>
         <object_component_ref idref="oc-1c6"/>
      </symbol>
      <symbol id="sm-16f">
         <name>Gyro_getYawDeg</name>
         <value>0x5039</value>
         <object_component_ref idref="oc-1cf"/>
      </symbol>
      <symbol id="sm-170">
         <name>Gyro_getRateDps</name>
         <value>0x5015</value>
         <object_component_ref idref="oc-1c7"/>
      </symbol>
      <symbol id="sm-171">
         <name>Gyro_captureCourseZero</name>
         <value>0x4c51</value>
         <object_component_ref idref="oc-105"/>
      </symbol>
      <symbol id="sm-172">
         <name>gGyroCourseZeroDeg</name>
         <value>0x20200150</value>
      </symbol>
      <symbol id="sm-173">
         <name>Gyro_getCourseYawDeg</name>
         <value>0x3e45</value>
         <object_component_ref idref="oc-194"/>
      </symbol>
      <symbol id="sm-174">
         <name>UART0_IRQHandler</name>
         <value>0x422d</value>
         <object_component_ref idref="oc-39"/>
      </symbol>
      <symbol id="sm-18e">
         <name>Indicator_init</name>
         <value>0x4eed</value>
         <object_component_ref idref="oc-d9"/>
      </symbol>
      <symbol id="sm-18f">
         <name>Indicator_start</name>
         <value>0x4f19</value>
         <object_component_ref idref="oc-104"/>
      </symbol>
      <symbol id="sm-190">
         <name>Indicator_finished</name>
         <value>0x4ec1</value>
         <object_component_ref idref="oc-11d"/>
      </symbol>
      <symbol id="sm-191">
         <name>Indicator_fault</name>
         <value>0x4e95</value>
         <object_component_ref idref="oc-11b"/>
      </symbol>
      <symbol id="sm-192">
         <name>Indicator_task1ms</name>
         <value>0x4c8d</value>
         <object_component_ref idref="oc-100"/>
      </symbol>
      <symbol id="sm-1a0">
         <name>LineSensor_init</name>
         <value>0x5111</value>
         <object_component_ref idref="oc-e4"/>
      </symbol>
      <symbol id="sm-1a1">
         <name>LineSensor_read</name>
         <value>0x3279</value>
         <object_component_ref idref="oc-1b2"/>
      </symbol>
      <symbol id="sm-1bb">
         <name>Mission_init</name>
         <value>0x48e9</value>
         <object_component_ref idref="oc-a1"/>
      </symbol>
      <symbol id="sm-1bc">
         <name>gMissionMode</name>
         <value>0x202001c1</value>
      </symbol>
      <symbol id="sm-1bd">
         <name>gMissionState</name>
         <value>0x202001c3</value>
      </symbol>
      <symbol id="sm-1be">
         <name>gMissionFault</name>
         <value>0x202001bf</value>
      </symbol>
      <symbol id="sm-1bf">
         <name>gMissionLap</name>
         <value>0x202001c0</value>
      </symbol>
      <symbol id="sm-1c0">
         <name>gMissionPhase</name>
         <value>0x202001c2</value>
      </symbol>
      <symbol id="sm-1c1">
         <name>Mission_task1ms</name>
         <value>0x2dd9</value>
         <object_component_ref idref="oc-a6"/>
      </symbol>
      <symbol id="sm-1de">
         <name>Motor_init</name>
         <value>0x49a1</value>
         <object_component_ref idref="oc-de"/>
      </symbol>
      <symbol id="sm-1df">
         <name>Motor_coastAll</name>
         <value>0x4cc9</value>
         <object_component_ref idref="oc-102"/>
      </symbol>
      <symbol id="sm-1e0">
         <name>Motor_disable</name>
         <value>0x5211</value>
         <object_component_ref idref="oc-103"/>
      </symbol>
      <symbol id="sm-1e1">
         <name>Motor_enable</name>
         <value>0x5221</value>
         <object_component_ref idref="oc-1f8"/>
      </symbol>
      <symbol id="sm-1e2">
         <name>Motor_setForward</name>
         <value>0x47b1</value>
         <object_component_ref idref="oc-1cc"/>
      </symbol>
      <symbol id="sm-1e3">
         <name>Motor_setSigned</name>
         <value>0x4381</value>
         <object_component_ref idref="oc-1c5"/>
      </symbol>
      <symbol id="sm-1e4">
         <name>Motor_brakeAll</name>
         <value>0x4a51</value>
         <object_component_ref idref="oc-11a"/>
      </symbol>
      <symbol id="sm-220">
         <name>OLED_init</name>
         <value>0x2909</value>
         <object_component_ref idref="oc-eb"/>
      </symbol>
      <symbol id="sm-221">
         <name>OLED_task1ms</name>
         <value>0xfb9</value>
         <object_component_ref idref="oc-ff"/>
      </symbol>
      <symbol id="sm-261">
         <name>gStraightTargetPulses</name>
         <value>0x20200160</value>
      </symbol>
      <symbol id="sm-262">
         <name>gStraightLeftPulses</name>
         <value>0x20200158</value>
      </symbol>
      <symbol id="sm-263">
         <name>gStraightRightPulses</name>
         <value>0x2020015c</value>
      </symbol>
      <symbol id="sm-264">
         <name>gStraightCorrection</name>
         <value>0x2020019a</value>
      </symbol>
      <symbol id="sm-265">
         <name>gStraightRawGray</name>
         <value>0x202001c5</value>
      </symbol>
      <symbol id="sm-266">
         <name>gStraightEndpointEligibleDebug</name>
         <value>0x202001c4</value>
      </symbol>
      <symbol id="sm-267">
         <name>gCurveYawSignDebug</name>
         <value>0x202001be</value>
      </symbol>
      <symbol id="sm-268">
         <name>gCurveYawErrorDebug</name>
         <value>0x20200148</value>
      </symbol>
      <symbol id="sm-269">
         <name>gStraightTargetYawDebug</name>
         <value>0x20200164</value>
      </symbol>
      <symbol id="sm-26a">
         <name>StraightControl_startQ1Test</name>
         <value>0x5161</value>
         <object_component_ref idref="oc-106"/>
      </symbol>
      <symbol id="sm-26b">
         <name>StraightControl_startAbsolute</name>
         <value>0x5249</value>
         <object_component_ref idref="oc-118"/>
      </symbol>
      <symbol id="sm-26c">
         <name>StraightControl_task1ms</name>
         <value>0x1e5d</value>
         <object_component_ref idref="oc-110"/>
      </symbol>
      <symbol id="sm-27c">
         <name>TaskButtons_init</name>
         <value>0x4d05</value>
         <object_component_ref idref="oc-d3"/>
      </symbol>
      <symbol id="sm-27d">
         <name>TaskButtons_poll1ms</name>
         <value>0x3809</value>
         <object_component_ref idref="oc-101"/>
      </symbol>
      <symbol id="sm-29f">
         <name>gTurnTargetDeg</name>
         <value>0x2020016c</value>
      </symbol>
      <symbol id="sm-2a0">
         <name>gTurnYawDelta</name>
         <value>0x20200170</value>
      </symbol>
      <symbol id="sm-2a1">
         <name>gTurnAbsoluteError</name>
         <value>0x20200168</value>
      </symbol>
      <symbol id="sm-2a2">
         <name>TurnControl_startAbsolute</name>
         <value>0x3035</value>
         <object_component_ref idref="oc-120"/>
      </symbol>
      <symbol id="sm-2a3">
         <name>TurnControl_task1ms</name>
         <value>0x1811</value>
         <object_component_ref idref="oc-112"/>
      </symbol>
      <symbol id="sm-2a4">
         <name>__TI_ATRegion0_src_addr</name>
         <value>0x0</value>
      </symbol>
      <symbol id="sm-2a5">
         <name>__TI_ATRegion0_trg_addr</name>
         <value>0x0</value>
      </symbol>
      <symbol id="sm-2a6">
         <name>__TI_ATRegion0_region_sz</name>
         <value>0x0</value>
      </symbol>
      <symbol id="sm-2a7">
         <name>__TI_ATRegion1_src_addr</name>
         <value>0x0</value>
      </symbol>
      <symbol id="sm-2a8">
         <name>__TI_ATRegion1_trg_addr</name>
         <value>0x0</value>
      </symbol>
      <symbol id="sm-2a9">
         <name>__TI_ATRegion1_region_sz</name>
         <value>0x0</value>
      </symbol>
      <symbol id="sm-2aa">
         <name>__TI_ATRegion2_src_addr</name>
         <value>0x0</value>
      </symbol>
      <symbol id="sm-2ab">
         <name>__TI_ATRegion2_trg_addr</name>
         <value>0x0</value>
      </symbol>
      <symbol id="sm-2ac">
         <name>__TI_ATRegion2_region_sz</name>
         <value>0x0</value>
      </symbol>
      <symbol id="sm-2b5">
         <name>DL_Common_delayCycles</name>
         <value>0x5255</value>
         <object_component_ref idref="oc-132"/>
      </symbol>
      <symbol id="sm-2d1">
         <name>DL_Timer_setClockConfig</name>
         <value>0x50bd</value>
         <object_component_ref idref="oc-136"/>
      </symbol>
      <symbol id="sm-2d2">
         <name>DL_Timer_initTimerMode</name>
         <value>0x3b59</value>
         <object_component_ref idref="oc-144"/>
      </symbol>
      <symbol id="sm-2d3">
         <name>DL_Timer_setCaptureCompareValue</name>
         <value>0x5201</value>
         <object_component_ref idref="oc-13f"/>
      </symbol>
      <symbol id="sm-2d4">
         <name>DL_Timer_setCaptCompUpdateMethod</name>
         <value>0x50a1</value>
         <object_component_ref idref="oc-13e"/>
      </symbol>
      <symbol id="sm-2d5">
         <name>DL_Timer_setCaptureCompareOutCtl</name>
         <value>0x5149</value>
         <object_component_ref idref="oc-13d"/>
      </symbol>
      <symbol id="sm-2d6">
         <name>DL_Timer_initFourCCPWMMode</name>
         <value>0x3a55</value>
         <object_component_ref idref="oc-13c"/>
      </symbol>
      <symbol id="sm-2e3">
         <name>DL_UART_init</name>
         <value>0x4af9</value>
         <object_component_ref idref="oc-14d"/>
      </symbol>
      <symbol id="sm-2e4">
         <name>DL_UART_setClockConfig</name>
         <value>0x51df</value>
         <object_component_ref idref="oc-147"/>
      </symbol>
      <symbol id="sm-2f2">
         <name>atan2f</name>
         <value>0x393d</value>
         <object_component_ref idref="oc-223"/>
      </symbol>
      <symbol id="sm-306">
         <name>atanf</name>
         <value>0x3485</value>
         <object_component_ref idref="oc-22d"/>
      </symbol>
      <symbol id="sm-311">
         <name>_c_int00_noargs</name>
         <value>0x4fc5</value>
         <object_component_ref idref="oc-5f"/>
      </symbol>
      <symbol id="sm-312">
         <name>__stack</name>
         <value>0x20207e00</value>
         <object_component_ref idref="oc-1a"/>
      </symbol>
      <symbol id="sm-31e">
         <name>__TI_auto_init_nobinit_nopinit</name>
         <value>0x4d41</value>
         <object_component_ref idref="oc-af"/>
      </symbol>
      <symbol id="sm-326">
         <name>_system_pre_init</name>
         <value>0x5299</value>
         <object_component_ref idref="oc-83"/>
      </symbol>
      <symbol id="sm-331">
         <name>__TI_zero_init_nomemset</name>
         <value>0x5179</value>
         <object_component_ref idref="oc-56"/>
      </symbol>
      <symbol id="sm-33d">
         <name>abort</name>
         <value>0x5275</value>
         <object_component_ref idref="oc-a8"/>
      </symbol>
      <symbol id="sm-347">
         <name>HOSTexit</name>
         <value>0x527b</value>
         <object_component_ref idref="oc-121"/>
      </symbol>
      <symbol id="sm-348">
         <name>C$$EXIT</name>
         <value>0x527a</value>
         <object_component_ref idref="oc-121"/>
      </symbol>
      <symbol id="sm-34e">
         <name>__aeabi_fadd</name>
         <value>0x3fff</value>
         <object_component_ref idref="oc-199"/>
      </symbol>
      <symbol id="sm-34f">
         <name>__addsf3</name>
         <value>0x3fff</value>
         <object_component_ref idref="oc-199"/>
      </symbol>
      <symbol id="sm-350">
         <name>__aeabi_fsub</name>
         <value>0x3ff5</value>
         <object_component_ref idref="oc-199"/>
      </symbol>
      <symbol id="sm-351">
         <name>__subsf3</name>
         <value>0x3ff5</value>
         <object_component_ref idref="oc-199"/>
      </symbol>
      <symbol id="sm-35a">
         <name>__aeabi_fmul</name>
         <value>0x4555</value>
         <object_component_ref idref="oc-189"/>
      </symbol>
      <symbol id="sm-35b">
         <name>__mulsf3</name>
         <value>0x4555</value>
         <object_component_ref idref="oc-189"/>
      </symbol>
      <symbol id="sm-361">
         <name>__aeabi_fdiv</name>
         <value>0x45e1</value>
         <object_component_ref idref="oc-1a2"/>
      </symbol>
      <symbol id="sm-362">
         <name>__divsf3</name>
         <value>0x45e1</value>
         <object_component_ref idref="oc-1a2"/>
      </symbol>
      <symbol id="sm-36b">
         <name>__aeabi_f2iz</name>
         <value>0x4df5</value>
         <object_component_ref idref="oc-19d"/>
      </symbol>
      <symbol id="sm-36c">
         <name>__fixsfsi</name>
         <value>0x4df5</value>
         <object_component_ref idref="oc-19d"/>
      </symbol>
      <symbol id="sm-372">
         <name>__aeabi_f2uiz</name>
         <value>0x4e61</value>
         <object_component_ref idref="oc-1b7"/>
      </symbol>
      <symbol id="sm-373">
         <name>__fixunssfsi</name>
         <value>0x4e61</value>
         <object_component_ref idref="oc-1b7"/>
      </symbol>
      <symbol id="sm-379">
         <name>__aeabi_i2f</name>
         <value>0x4d7d</value>
         <object_component_ref idref="oc-185"/>
      </symbol>
      <symbol id="sm-37a">
         <name>__floatsisf</name>
         <value>0x4d7d</value>
         <object_component_ref idref="oc-185"/>
      </symbol>
      <symbol id="sm-380">
         <name>__aeabi_ui2f</name>
         <value>0x4fed</value>
         <object_component_ref idref="oc-1ae"/>
      </symbol>
      <symbol id="sm-381">
         <name>__floatunsisf</name>
         <value>0x4fed</value>
         <object_component_ref idref="oc-1ae"/>
      </symbol>
      <symbol id="sm-387">
         <name>__aeabi_fcmpeq</name>
         <value>0x4945</value>
         <object_component_ref idref="oc-195"/>
      </symbol>
      <symbol id="sm-388">
         <name>__aeabi_fcmplt</name>
         <value>0x4957</value>
         <object_component_ref idref="oc-195"/>
      </symbol>
      <symbol id="sm-389">
         <name>__aeabi_fcmple</name>
         <value>0x4969</value>
         <object_component_ref idref="oc-195"/>
      </symbol>
      <symbol id="sm-38a">
         <name>__aeabi_fcmpge</name>
         <value>0x497b</value>
         <object_component_ref idref="oc-195"/>
      </symbol>
      <symbol id="sm-38b">
         <name>__aeabi_fcmpgt</name>
         <value>0x498d</value>
         <object_component_ref idref="oc-195"/>
      </symbol>
      <symbol id="sm-391">
         <name>__aeabi_idiv</name>
         <value>0x49f9</value>
         <object_component_ref idref="oc-1b3"/>
      </symbol>
      <symbol id="sm-392">
         <name>__aeabi_idivmod</name>
         <value>0x49f9</value>
         <object_component_ref idref="oc-1b3"/>
      </symbol>
      <symbol id="sm-398">
         <name>__aeabi_uidiv</name>
         <value>0x4c11</value>
         <object_component_ref idref="oc-1c8"/>
      </symbol>
      <symbol id="sm-399">
         <name>__aeabi_uidivmod</name>
         <value>0x4c11</value>
         <object_component_ref idref="oc-1c8"/>
      </symbol>
      <symbol id="sm-39f">
         <name>__eqsf2</name>
         <value>0x44c9</value>
         <object_component_ref idref="oc-212"/>
      </symbol>
      <symbol id="sm-3a0">
         <name>__lesf2</name>
         <value>0x44c9</value>
         <object_component_ref idref="oc-212"/>
      </symbol>
      <symbol id="sm-3a1">
         <name>__ltsf2</name>
         <value>0x44c9</value>
         <object_component_ref idref="oc-212"/>
      </symbol>
      <symbol id="sm-3a2">
         <name>__nesf2</name>
         <value>0x44c9</value>
         <object_component_ref idref="oc-212"/>
      </symbol>
      <symbol id="sm-3a3">
         <name>__cmpsf2</name>
         <value>0x44c9</value>
         <object_component_ref idref="oc-212"/>
      </symbol>
      <symbol id="sm-3a4">
         <name>__gtsf2</name>
         <value>0x4503</value>
         <object_component_ref idref="oc-212"/>
      </symbol>
      <symbol id="sm-3a5">
         <name>__gesf2</name>
         <value>0x4503</value>
         <object_component_ref idref="oc-212"/>
      </symbol>
      <symbol id="sm-3a6">
         <name>__unordsf2</name>
         <value>0x453f</value>
         <object_component_ref idref="oc-212"/>
      </symbol>
      <symbol id="sm-3a7">
         <name>__aeabi_fcmpun</name>
         <value>0x453f</value>
         <object_component_ref idref="oc-212"/>
      </symbol>
      <symbol id="sm-3ad">
         <name>__muldsi3</name>
         <value>0x4db9</value>
         <object_component_ref idref="oc-20c"/>
      </symbol>
      <symbol id="sm-3b7">
         <name>__aeabi_idiv0</name>
         <value>0x499f</value>
         <object_component_ref idref="oc-21b"/>
      </symbol>
      <symbol id="sm-3b8">
         <name>__TI_static_base__</name>
         <value>0x0</value>
      </symbol>
      <symbol id="sm-3bb">
         <name>__mpu_init</name>
         <value>0x0</value>
      </symbol>
      <symbol id="sm-3bc">
         <name>_system_post_cinit</name>
         <value>0x0</value>
      </symbol>
   </symbol_table>
   <title>Link successful</title>
</link_info>
